> Task :app:checkKotlinGradlePluginConfigurationErrors
> Task :app:preBuild UP-TO-DATE
> Task :app:preDebugBuild UP-TO-DATE
> Task :app:checkDebugAarMetadata UP-TO-DATE
> Task :app:generateDebugResValues UP-TO-DATE
> Task :app:mapDebugSourceSetPaths UP-TO-DATE
> Task :app:generateDebugResources UP-TO-DATE
> Task :app:mergeDebugResources UP-TO-DATE
> Task :app:packageDebugResources UP-TO-DATE
> Task :app:parseDebugLocalResources UP-TO-DATE
> Task :app:createDebugCompatibleScreenManifests UP-TO-DATE
> Task :app:extractDeepLinksDebug UP-TO-DATE
> Task :app:processDebugMainManifest UP-TO-DATE
> Task :app:processDebugManifest UP-TO-DATE
> Task :app:processDebugManifestForPackage UP-TO-DATE
> Task :app:processDebugResources UP-TO-DATE
> Task :app:javaPreCompileDebug UP-TO-DATE
> Task :app:preDebugUnitTestBuild UP-TO-DATE
> Task :app:javaPreCompileDebugUnitTest UP-TO-DATE
> Task :app:mergeDebugNativeDebugMetadata NO-SOURCE
> Task :app:mergeDebugShaders UP-TO-DATE
> Task :app:compileDebugShaders NO-SOURCE
> Task :app:generateDebugAssets UP-TO-DATE
> Task :app:mergeDebugAssets UP-TO-DATE
> Task :app:compressDebugAssets UP-TO-DATE
> Task :app:desugarDebugFileDependencies UP-TO-DATE
> Task :app:checkDebugDuplicateClasses UP-TO-DATE
> Task :app:mergeDebugStartupProfile UP-TO-DATE
> Task :app:mergeExtDexDebug UP-TO-DATE
> Task :app:mergeLibDexDebug UP-TO-DATE
> Task :app:mergeDebugJniLibFolders UP-TO-DATE
> Task :app:mergeDebugNativeLibs NO-SOURCE
> Task :app:stripDebugDebugSymbols NO-SOURCE
> Task :app:validateSigningDebug UP-TO-DATE
> Task :app:writeDebugAppMetadata UP-TO-DATE
> Task :app:writeDebugSigningConfigVersions UP-TO-DATE

> Task :app:compileDebugKotlin
w: file:///D:/soft/.ci-tmp/game-hub-n10/work/android/app/src/main/java/com/xiaoxuhui/gamehub/MainActivity.kt:62:163 'versionCode: Int' is deprecated. Deprecated in Java
w: file:///D:/soft/.ci-tmp/game-hub-n10/work/android/app/src/main/java/com/xiaoxuhui/gamehub/MainActivity.kt:394:22 Unnecessary safe call on a non-null receiver of type LocalResourceInfo?
w: file:///D:/soft/.ci-tmp/game-hub-n10/work/android/app/src/main/java/com/xiaoxuhui/gamehub/MainActivity.kt:395:22 Unnecessary safe call on a non-null receiver of type LocalResourceInfo?
w: file:///D:/soft/.ci-tmp/game-hub-n10/work/android/app/src/main/java/com/xiaoxuhui/gamehub/MainActivity.kt:396:22 Unnecessary safe call on a non-null receiver of type LocalResourceInfo?
w: file:///D:/soft/.ci-tmp/game-hub-n10/work/android/app/src/main/java/com/xiaoxuhui/gamehub/MainActivity.kt:399:73 Unnecessary safe call on a non-null receiver of type LocalResourceInfo?
w: file:///D:/soft/.ci-tmp/game-hub-n10/work/android/app/src/main/java/com/xiaoxuhui/gamehub/MainActivity.kt:400:22 Unnecessary safe call on a non-null receiver of type LocalResourceInfo?

> Task :app:compileDebugJavaWithJavac NO-SOURCE
> Task :app:processDebugJavaRes UP-TO-DATE
> Task :app:bundleDebugClassesToRuntimeJar
> Task :app:bundleDebugClassesToCompileJar
> Task :app:dexBuilderDebug
> Task :app:mergeDebugGlobalSynthetics UP-TO-DATE
> Task :app:mergeDebugJavaResource UP-TO-DATE
> Task :app:mergeProjectDexDebug
> Task :app:compileDebugUnitTestKotlin
> Task :app:compileDebugUnitTestJavaWithJavac NO-SOURCE
> Task :app:processDebugUnitTestJavaRes UP-TO-DATE
> Task :app:testDebugUnitTest
> Task :app:packageDebug
> Task :app:createDebugApkListingFileRedirect UP-TO-DATE
> Task :app:assembleDebug

BUILD SUCCESSFUL in 31s
41 actionable tasks: 9 executed, 32 up-to-date
