Starting a Gradle Daemon (subsequent builds will be faster)
Warning: SDK processing. This version only understands SDK XML versions up to 3 but an SDK XML file of version 4 was encountered. This can happen if you use versions of Android Studio and the command-line tools that were released at different times.
> Task :app:checkKotlinGradlePluginConfigurationErrors
> Task :app:preBuild UP-TO-DATE
> Task :app:preDebugBuild UP-TO-DATE
> Task :app:generateDebugResValues FROM-CACHE
> Task :app:checkDebugAarMetadata
> Task :app:mapDebugSourceSetPaths
> Task :app:generateDebugResources
> Task :app:packageDebugResources
> Task :app:parseDebugLocalResources FROM-CACHE
> Task :app:createDebugCompatibleScreenManifests
> Task :app:extractDeepLinksDebug FROM-CACHE
> Task :app:mergeDebugResources
> Task :app:processDebugMainManifest FROM-CACHE
> Task :app:processDebugManifest FROM-CACHE
> Task :app:processDebugManifestForPackage FROM-CACHE
> Task :app:javaPreCompileDebug FROM-CACHE
> Task :app:preDebugUnitTestBuild UP-TO-DATE
> Task :app:javaPreCompileDebugUnitTest FROM-CACHE
> Task :app:processDebugResources
> Task :app:compileDebugKotlin
w: file:///D:/soft/.ci-tmp/game-hub-n10/work/android/app/src/main/java/com/xiaoxuhui/gamehub/ApkUpdateManager.kt:53:114 'GET_SIGNATURES: Int' is deprecated. Deprecated in Java
w: file:///D:/soft/.ci-tmp/game-hub-n10/work/android/app/src/main/java/com/xiaoxuhui/gamehub/ApkUpdateManager.kt:56:97 'versionCode: Int' is deprecated. Deprecated in Java
w: file:///D:/soft/.ci-tmp/game-hub-n10/work/android/app/src/main/java/com/xiaoxuhui/gamehub/ApkUpdateManager.kt:57:103 'versionCode: Int' is deprecated. Deprecated in Java
w: file:///D:/soft/.ci-tmp/game-hub-n10/work/android/app/src/main/java/com/xiaoxuhui/gamehub/ApkUpdateManager.kt:77:30 'ACTION_INSTALL_PACKAGE: String' is deprecated. Deprecated in Java
w: file:///D:/soft/.ci-tmp/game-hub-n10/work/android/app/src/main/java/com/xiaoxuhui/gamehub/MainActivity.kt:62:163 'versionCode: Int' is deprecated. Deprecated in Java
w: file:///D:/soft/.ci-tmp/game-hub-n10/work/android/app/src/main/java/com/xiaoxuhui/gamehub/MainActivity.kt:394:22 Unnecessary safe call on a non-null receiver of type LocalResourceInfo?
w: file:///D:/soft/.ci-tmp/game-hub-n10/work/android/app/src/main/java/com/xiaoxuhui/gamehub/MainActivity.kt:395:22 Unnecessary safe call on a non-null receiver of type LocalResourceInfo?
w: file:///D:/soft/.ci-tmp/game-hub-n10/work/android/app/src/main/java/com/xiaoxuhui/gamehub/MainActivity.kt:396:22 Unnecessary safe call on a non-null receiver of type LocalResourceInfo?
w: file:///D:/soft/.ci-tmp/game-hub-n10/work/android/app/src/main/java/com/xiaoxuhui/gamehub/MainActivity.kt:399:73 Unnecessary safe call on a non-null receiver of type LocalResourceInfo?
w: file:///D:/soft/.ci-tmp/game-hub-n10/work/android/app/src/main/java/com/xiaoxuhui/gamehub/MainActivity.kt:400:22 Unnecessary safe call on a non-null receiver of type LocalResourceInfo?
w: file:///D:/soft/.ci-tmp/game-hub-n10/work/android/app/src/main/java/com/xiaoxuhui/gamehub/ResourceRuntime.kt:17:106 'versionCode: Int' is deprecated. Deprecated in Java

> Task :app:compileDebugJavaWithJavac NO-SOURCE
> Task :app:processDebugJavaRes
> Task :app:bundleDebugClassesToCompileJar
> Task :app:bundleDebugClassesToRuntimeJar
> Task :app:compileDebugUnitTestKotlin
> Task :app:compileDebugUnitTestJavaWithJavac NO-SOURCE
> Task :app:processDebugUnitTestJavaRes

> Task :app:testDebugUnitTest FAILED

com.xiaoxuhui.gamehub.PublicReleaseHttpTest > everyQueryRevalidatesWithServerAnd304NeedsExistingCache FAILED
    java.lang.AssertionError at PublicReleaseHttpTest.kt:31

com.xiaoxuhui.gamehub.UpdatePolicyTest > validatesEqualAndOlderPublicationBeforeCallingItCurrent FAILED
    java.lang.AssertionError at UpdatePolicyTest.kt:36

6 tests completed, 2 failed

FAILURE: Build failed with an exception.

* What went wrong:
Execution failed for task ':app:testDebugUnitTest'.
> There were failing tests. See the report at: file:///D:/soft/.ci-tmp/game-hub-n10/work/android/app/build/reports/tests/testDebugUnitTest/index.html

* Try:
> Run with --scan to get full insights.

BUILD FAILED in 1m 41s
23 actionable tasks: 15 executed, 8 from cache
