✔ Android application identity and minimum API stay independent of source APKs (3.4583ms)
✔ Manifest has one launcher and only the planned update permission (2.8403ms)
✔ compact lobby uses four fixed source icons and clickable cards (1.2414ms)
✔ CI builds pinned sources and checks APK without a publish step (0.8202ms)
✔ four original export bridge names and a file chooser are wired (0.9126ms)
Bundled 1 sources, 5 files, commit aaaaaaaaaaaaaaaaaaaaaaaaaaaaaaaaaaaaaaaa
Manifest SHA-256: 7813e064d465026659325ab844860d93ebaba9dd5986025be6de36ecd26c7e79
Verified 1 sources and 5 resources
fatal: unable to read tree (ffffffffffffffffffffffffffffffffffffffff)
✔ lock contains four immutable source revisions and unique IDs (1.5386ms)
✔ floating revision, duplicate IDs, and unsafe paths are rejected (2.2469ms)
✔ HTML references exclude external and fragment links while preserving local assets (2.7073ms)
✔ missing local HTML reference stops bundling (39.5311ms)
✔ manifest hashes are stable and change when a resource changes (12.6877ms)
✔ failed checkout or missing locked resource preserves the last complete bundle (5646.5523ms)
✔ v2 issuance binds fixed prerelease, complete membership and exact asset bytes (13.2656ms)
✔ higher v2 sequences require history and preserve all identities and immutable same-code metadata (15.7891ms)
✔ higher content accepts new bytes only with new exact public asset identity (0.7624ms)
✔ actual CLI signs via stdin, verifies public DER, rejects overwrite and requires authenticated history (1716.097ms)
✔ v2 signed bytes, empty directory and retired full descriptor remain strict (632.816ms)
✔ v2 rejects bad identities, capabilities, dangerous files, expiry and duplicate assets (5.6573ms)
✔ raw signed integer decimals and exponents cannot fold into accepted JS integers (238.7573ms)
✔ dynamic ZIP is repeatable, exact-manifest and keeps source lock immutable (19.2842ms)
✔ synchronously forged ZIP and candidate metadata cannot claim locked source bytes (5.9304ms)
✔ v2 snapshot rejects wrong channel, missing retired ZIP and asset reuse (1.5383ms)
✔ detached programmatic Blob click saves content before immediate revoke (8.8211ms)
✔ bubble listener sees EML-style Blob URL assigned by the target click handler (2.4668ms)
✔ demo preserves progress, counts wins once and validates imported state (3.2125ms)
✔ actual import handler never claims durable success after storage write failure (5.4018ms)
✔ nonmatching pair stays visible until next flip; duplicate flip does not count (0.5354ms)
(node:10328) [MODULE_TYPELESS_PACKAGE_JSON] Warning: Module type of file:///D:/soft/.ci-tmp/game-hub-n10/work/examples/red-green-puzzle/core.js is not specified and it doesn't parse as CommonJS.
Reparsing as ES module because module syntax was detected. This incurs a performance overhead.
To eliminate this warning, add "type": "module" to \\?\D:\soft\.ci-tmp\game-hub-n10\work\package.json.
(Use `node --trace-warnings ...` to show where the warning was created)
✔ adaptation retains exact frozen HTML fixture, full MIT and reviewed output hashes (14.1074ms)
✔ every supported size preserves frozen algorithm, legal edges and independent BFS distance (5.67ms)
✔ invalid sizes are rejected before building and bounded text remains complete (2.3166ms)
✔ only valid versioned parameters restore, invalid storage defaults safely (0.7092ms)
Verified 4 sources and 10 resources
Verified 4 resource ZIPs and complete file manifests; source commit cccccccccccccccccccccccccccccccccccccccc
Built four deterministic resource ZIPs from cccccccccccccccccccccccccccccccccccccccc
Verified 4 sources and 10 resources
Verified 4 resource ZIPs and complete file manifests; source commit cccccccccccccccccccccccccccccccccccccccc
Verified 4 sources and 10 resources
Verified 4 resource ZIPs and complete file manifests; source commit cccccccccccccccccccccccccccccccccccccccc
Built four deterministic resource ZIPs from cccccccccccccccccccccccccccccccccccccccc
Verified 4 resource ZIPs and complete file manifests; source commit cccccccccccccccccccccccccccccccccccccccc
✔ strict parser rejects duplicate escaped keys, UTF8 corruption and invalid JSON (3.0884ms)
✔ resource paths reject traversal, native binaries, prefix conflicts and case duplicates (1.3629ms)
✔ ZIP bytes deterministic regardless input order; CRC and central directory tamper rejected (3.6399ms)
✔ resource inspection rejects service workers, cache proxies and broad storage clear (1.628ms)
✔ catalog checks four identities, safe integer bounds, clock, entry and storage contracts (10.0839ms)
✔ RSA3072 signature binds raw payload; wrong key/id, tamper and duplicate envelope rejected (121.2986ms)
✔ resource release must be prerelease and uploaded assets uniquely bind digest and size (1.4442ms)
✔ signing snapshot binds release and asset IDs with complete bounded pagination (2.7808ms)
✔ resource generation failure preserves previous complete candidate and rejects stale commit (491.5885ms)
✔ successor retains identities omitted from candidate and binds new resources to public assets (49.6321ms)
✔ successor refuses skipped sequences, same-code metadata changes and incomplete historical snapshot (8.0271ms)
✔ successor rejects forged asset bytes and duplicate candidate identities before signing (5.5815ms)
✔ complete signed history audit detects earliest missing ZIP, sequence gaps and historical identity mutation (7.5292ms)
✔ public download binds same-name CDN cache key to immutable asset ID and rejects foreign URLs (0.7728ms)
✔ abelian-sandpile committed integration bytes bind to exact upstream identity and reject forged proof (13.2503ms)
✔ lambda-diagram-game committed integration bytes bind to exact upstream identity and reject forged proof (4.408ms)
ℹ tests 46
ℹ suites 0
ℹ pass 46
ℹ fail 0
ℹ cancelled 0
ℹ skipped 0
ℹ todo 0
ℹ duration_ms 6527.5108
