INSTRUMENTATION_STATUS: class=com.xiaoxuhui.gamehub.UpdateCoordinatorDeviceTest
INSTRUMENTATION_STATUS: current=1
INSTRUMENTATION_STATUS: id=AndroidJUnitRunner
INSTRUMENTATION_STATUS: numtests=10
INSTRUMENTATION_STATUS: stream=
com.xiaoxuhui.gamehub.UpdateCoordinatorDeviceTest:
INSTRUMENTATION_STATUS: test=badArchivePreservesBuiltinAndCleansPartBeforeExplicitRetry
INSTRUMENTATION_STATUS_CODE: 1
INSTRUMENTATION_STATUS: class=com.xiaoxuhui.gamehub.UpdateCoordinatorDeviceTest
INSTRUMENTATION_STATUS: current=1
INSTRUMENTATION_STATUS: id=AndroidJUnitRunner
INSTRUMENTATION_STATUS: numtests=10
INSTRUMENTATION_STATUS: stream=.
INSTRUMENTATION_STATUS: test=badArchivePreservesBuiltinAndCleansPartBeforeExplicitRetry
INSTRUMENTATION_STATUS_CODE: 0
INSTRUMENTATION_STATUS: class=com.xiaoxuhui.gamehub.UpdateCoordinatorDeviceTest
INSTRUMENTATION_STATUS: current=2
INSTRUMENTATION_STATUS: id=AndroidJUnitRunner
INSTRUMENTATION_STATUS: numtests=10
INSTRUMENTATION_STATUS: stream=
INSTRUMENTATION_STATUS: test=sourceRateLimitIsDurableAndDoesNotBlockOtherUpdateChannels
INSTRUMENTATION_STATUS_CODE: 1
INSTRUMENTATION_STATUS: class=com.xiaoxuhui.gamehub.UpdateCoordinatorDeviceTest
INSTRUMENTATION_STATUS: current=2
INSTRUMENTATION_STATUS: id=AndroidJUnitRunner
INSTRUMENTATION_STATUS: numtests=10
INSTRUMENTATION_STATUS: stream=.
INSTRUMENTATION_STATUS: test=sourceRateLimitIsDurableAndDoesNotBlockOtherUpdateChannels
INSTRUMENTATION_STATUS_CODE: 0
INSTRUMENTATION_STATUS: class=com.xiaoxuhui.gamehub.UpdateCoordinatorDeviceTest
INSTRUMENTATION_STATUS: current=3
INSTRUMENTATION_STATUS: id=AndroidJUnitRunner
INSTRUMENTATION_STATUS: numtests=10
INSTRUMENTATION_STATUS: stream=
INSTRUMENTATION_STATUS: test=goingOfflineMarksSuccessfulResultsAsHistorical
INSTRUMENTATION_STATUS_CODE: 1
INSTRUMENTATION_STATUS: class=com.xiaoxuhui.gamehub.UpdateCoordinatorDeviceTest
INSTRUMENTATION_STATUS: current=3
INSTRUMENTATION_STATUS: id=AndroidJUnitRunner
INSTRUMENTATION_STATUS: numtests=10
INSTRUMENTATION_STATUS: stream=.
INSTRUMENTATION_STATUS: test=goingOfflineMarksSuccessfulResultsAsHistorical
INSTRUMENTATION_STATUS_CODE: 0
INSTRUMENTATION_STATUS: class=com.xiaoxuhui.gamehub.UpdateCoordinatorDeviceTest
INSTRUMENTATION_STATUS: current=4
INSTRUMENTATION_STATUS: id=AndroidJUnitRunner
INSTRUMENTATION_STATUS: numtests=10
INSTRUMENTATION_STATUS: stream=
INSTRUMENTATION_STATUS: test=meteredNeedsManualConfirmationAndSavedAutomaticOptOutPersists
INSTRUMENTATION_STATUS_CODE: 1
INSTRUMENTATION_STATUS: class=com.xiaoxuhui.gamehub.UpdateCoordinatorDeviceTest
INSTRUMENTATION_STATUS: current=4
INSTRUMENTATION_STATUS: id=AndroidJUnitRunner
INSTRUMENTATION_STATUS: numtests=10
INSTRUMENTATION_STATUS: stream=.
INSTRUMENTATION_STATUS: test=meteredNeedsManualConfirmationAndSavedAutomaticOptOutPersists
INSTRUMENTATION_STATUS_CODE: 0
INSTRUMENTATION_STATUS: class=com.xiaoxuhui.gamehub.UpdateCoordinatorDeviceTest
INSTRUMENTATION_STATUS: current=5
INSTRUMENTATION_STATUS: id=AndroidJUnitRunner
INSTRUMENTATION_STATUS: numtests=10
INSTRUMENTATION_STATUS: stream=
INSTRUMENTATION_STATUS: test=resourceRateLimitPersistsIndependentlyWhileApkReminderRemainsAvailable
INSTRUMENTATION_STATUS_CODE: 1
INSTRUMENTATION_STATUS: class=com.xiaoxuhui.gamehub.UpdateCoordinatorDeviceTest
INSTRUMENTATION_STATUS: current=5
INSTRUMENTATION_STATUS: id=AndroidJUnitRunner
INSTRUMENTATION_STATUS: numtests=10
INSTRUMENTATION_STATUS: stream=.
INSTRUMENTATION_STATUS: test=resourceRateLimitPersistsIndependentlyWhileApkReminderRemainsAvailable
INSTRUMENTATION_STATUS_CODE: 0
INSTRUMENTATION_STATUS: class=com.xiaoxuhui.gamehub.UpdateCoordinatorDeviceTest
INSTRUMENTATION_STATUS: current=6
INSTRUMENTATION_STATUS: id=AndroidJUnitRunner
INSTRUMENTATION_STATUS: numtests=10
INSTRUMENTATION_STATUS: stream=
INSTRUMENTATION_STATUS: test=source404AndTimeoutDoNotHideOtherVersionsOrSignedResources
INSTRUMENTATION_STATUS_CODE: 1
INSTRUMENTATION_STATUS: class=com.xiaoxuhui.gamehub.UpdateCoordinatorDeviceTest
INSTRUMENTATION_STATUS: current=6
INSTRUMENTATION_STATUS: id=AndroidJUnitRunner
INSTRUMENTATION_STATUS: numtests=10
INSTRUMENTATION_STATUS: stream=.
INSTRUMENTATION_STATUS: test=source404AndTimeoutDoNotHideOtherVersionsOrSignedResources
INSTRUMENTATION_STATUS_CODE: 0
INSTRUMENTATION_STATUS: class=com.xiaoxuhui.gamehub.UpdateCoordinatorDeviceTest
INSTRUMENTATION_STATUS: current=7
INSTRUMENTATION_STATUS: id=AndroidJUnitRunner
INSTRUMENTATION_STATUS: numtests=10
INSTRUMENTATION_STATUS: stream=
INSTRUMENTATION_STATUS: test=wifiAutomaticallyDownloadsOnlyChangedGameAndNeverTheApk
INSTRUMENTATION_STATUS_CODE: 1
INSTRUMENTATION_STATUS: class=com.xiaoxuhui.gamehub.UpdateCoordinatorDeviceTest
INSTRUMENTATION_STATUS: current=7
INSTRUMENTATION_STATUS: id=AndroidJUnitRunner
INSTRUMENTATION_STATUS: numtests=10
INSTRUMENTATION_STATUS: stream=.
INSTRUMENTATION_STATUS: test=wifiAutomaticallyDownloadsOnlyChangedGameAndNeverTheApk
INSTRUMENTATION_STATUS_CODE: 0
INSTRUMENTATION_STATUS: class=com.xiaoxuhui.gamehub.UpdateCoordinatorDeviceTest
INSTRUMENTATION_STATUS: current=8
INSTRUMENTATION_STATUS: id=AndroidJUnitRunner
INSTRUMENTATION_STATUS: numtests=10
INSTRUMENTATION_STATUS: stream=
INSTRUMENTATION_STATUS: test=apkRateLimitsAndMissingReleaseDoNotBlockResourceChannel
INSTRUMENTATION_STATUS_CODE: 1
INSTRUMENTATION_STATUS: class=com.xiaoxuhui.gamehub.UpdateCoordinatorDeviceTest
INSTRUMENTATION_STATUS: current=8
INSTRUMENTATION_STATUS: id=AndroidJUnitRunner
INSTRUMENTATION_STATUS: numtests=10
INSTRUMENTATION_STATUS: stream=.
INSTRUMENTATION_STATUS: test=apkRateLimitsAndMissingReleaseDoNotBlockResourceChannel
INSTRUMENTATION_STATUS_CODE: 0
INSTRUMENTATION_STATUS: class=com.xiaoxuhui.gamehub.UpdateCoordinatorDeviceTest
INSTRUMENTATION_STATUS: current=9
INSTRUMENTATION_STATUS: id=AndroidJUnitRunner
INSTRUMENTATION_STATUS: numtests=10
INSTRUMENTATION_STATUS: stream=
INSTRUMENTATION_STATUS: test=gameBackgroundAndMeteredTransitionsCancelHoldBusyUntilCleanupThenAllowManualRetry
INSTRUMENTATION_STATUS_CODE: 1
INSTRUMENTATION_STATUS: class=com.xiaoxuhui.gamehub.UpdateCoordinatorDeviceTest
INSTRUMENTATION_STATUS: current=9
INSTRUMENTATION_STATUS: id=AndroidJUnitRunner
INSTRUMENTATION_STATUS: numtests=10
INSTRUMENTATION_STATUS: stream=.
INSTRUMENTATION_STATUS: test=gameBackgroundAndMeteredTransitionsCancelHoldBusyUntilCleanupThenAllowManualRetry
INSTRUMENTATION_STATUS_CODE: 0
INSTRUMENTATION_STATUS: class=com.xiaoxuhui.gamehub.UpdateCoordinatorDeviceTest
INSTRUMENTATION_STATUS: current=10
INSTRUMENTATION_STATUS: id=AndroidJUnitRunner
INSTRUMENTATION_STATUS: numtests=10
INSTRUMENTATION_STATUS: stream=
INSTRUMENTATION_STATUS: test=manualAndStartupQueriesIncludeAllRegisteredGameRepositories
INSTRUMENTATION_STATUS_CODE: 1
INSTRUMENTATION_STATUS: class=com.xiaoxuhui.gamehub.UpdateCoordinatorDeviceTest
INSTRUMENTATION_STATUS: current=10
INSTRUMENTATION_STATUS: id=AndroidJUnitRunner
INSTRUMENTATION_STATUS: numtests=10
INSTRUMENTATION_STATUS: stream=.
INSTRUMENTATION_STATUS: test=manualAndStartupQueriesIncludeAllRegisteredGameRepositories
INSTRUMENTATION_STATUS_CODE: 0
INSTRUMENTATION_RESULT: stream=

Time: 12.564

OK (10 tests)


INSTRUMENTATION_CODE: -1
