✔ Android application identity and minimum API stay independent of source APKs (5.3214ms)
✔ Manifest has one launcher and only the planned update permission (2.987ms)
✔ compact lobby uses four fixed source icons and clickable cards (1.4349ms)
✔ CI builds pinned sources and checks APK without a publish step (0.5006ms)
✔ four original export bridge names and a file chooser are wired (1.0101ms)
Bundled 1 sources, 5 files, commit aaaaaaaaaaaaaaaaaaaaaaaaaaaaaaaaaaaaaaaa
Manifest SHA-256: ee29291ece01575d7a10afaa1edc04a8f445137fe0d7673668f9d64ba5499ea7
Verified 1 sources and 5 resources
fatal: unable to read tree (ffffffffffffffffffffffffffffffffffffffff)
✔ lock contains four immutable source revisions and unique IDs (1.9837ms)
✔ floating revision, duplicate IDs, and unsafe paths are rejected (4.3149ms)
✔ HTML references exclude external and fragment links while preserving local assets (2.3884ms)
✔ missing local HTML reference stops bundling (53.2859ms)
✔ manifest hashes are stable and change when a resource changes (15.3916ms)
✔ failed checkout or missing locked resource preserves the last complete bundle (6340.4054ms)
✔ v2 issuance binds fixed prerelease, complete membership and exact asset bytes (18.8024ms)
✔ higher v2 sequences require history and preserve all identities and immutable same-code metadata (20.4369ms)
✔ higher content accepts new bytes only with new exact public asset identity (1.7679ms)
✔ actual CLI signs via stdin, verifies public DER, rejects overwrite and requires authenticated history (1775.4501ms)
✔ v2 signed bytes, empty directory and retired full descriptor remain strict (311.6184ms)
✔ v2 rejects bad identities, capabilities, dangerous files, expiry and duplicate assets (3.1373ms)
✔ raw signed integer decimals and exponents cannot fold into accepted JS integers (500.8026ms)
✔ dynamic ZIP is repeatable, exact-manifest and keeps source lock immutable (24.8652ms)
✔ synchronously forged ZIP and candidate metadata cannot claim locked source bytes (7.2581ms)
✔ v2 snapshot rejects wrong channel, missing retired ZIP and asset reuse (2.9242ms)
✔ detached programmatic Blob click saves content before immediate revoke (8.6817ms)
✔ bubble listener sees EML-style Blob URL assigned by the target click handler (5.7678ms)
✔ demo preserves progress, counts wins once and validates imported state (5.062ms)
✔ actual import handler never claims durable success after storage write failure (6.7718ms)
✔ nonmatching pair stays visible until next flip; duplicate flip does not count (0.3758ms)
(node:28552) [MODULE_TYPELESS_PACKAGE_JSON] Warning: Module type of file:///D:/soft/.ci-tmp/game-hub-n10/work/examples/red-green-puzzle/core.js is not specified and it doesn't parse as CommonJS.
Reparsing as ES module because module syntax was detected. This incurs a performance overhead.
To eliminate this warning, add "type": "module" to \\?\D:\soft\.ci-tmp\game-hub-n10\work\package.json.
(Use `node --trace-warnings ...` to show where the warning was created)
✔ adaptation retains exact frozen HTML fixture, full MIT and reviewed output hashes (11.4524ms)
✔ every supported size preserves frozen algorithm, legal edges and independent BFS distance (8.2975ms)
✔ invalid sizes are rejected before building and bounded text remains complete (2.0615ms)
✔ only valid versioned parameters restore, invalid storage defaults safely (0.4975ms)
Verified 4 sources and 10 resources
Verified 4 resource ZIPs and complete file manifests; source commit cccccccccccccccccccccccccccccccccccccccc
Built four deterministic resource ZIPs from cccccccccccccccccccccccccccccccccccccccc
Verified 4 sources and 10 resources
Verified 4 resource ZIPs and complete file manifests; source commit cccccccccccccccccccccccccccccccccccccccc
Verified 4 sources and 10 resources
Verified 4 resource ZIPs and complete file manifests; source commit cccccccccccccccccccccccccccccccccccccccc
Built four deterministic resource ZIPs from cccccccccccccccccccccccccccccccccccccccc
Verified 4 resource ZIPs and complete file manifests; source commit cccccccccccccccccccccccccccccccccccccccc
✔ strict parser rejects duplicate escaped keys, UTF8 corruption and invalid JSON (4.342ms)
✔ resource paths reject traversal, native binaries, prefix conflicts and case duplicates (1.6252ms)
✔ ZIP bytes deterministic regardless input order; CRC and central directory tamper rejected (2.7165ms)
✔ resource inspection rejects service workers, cache proxies and broad storage clear (1.1085ms)
✔ catalog checks four identities, safe integer bounds, clock, entry and storage contracts (7.1164ms)
✔ RSA3072 signature binds raw payload; wrong key/id, tamper and duplicate envelope rejected (76.114ms)
✔ resource release must be prerelease and uploaded assets uniquely bind digest and size (0.8085ms)
✔ signing snapshot binds release and asset IDs with complete bounded pagination (1.6238ms)
✔ resource generation failure preserves previous complete candidate and rejects stale commit (508.2651ms)
✔ successor retains identities omitted from candidate and binds new resources to public assets (47.8736ms)
✔ successor refuses skipped sequences, same-code metadata changes and incomplete historical snapshot (7.132ms)
✔ successor rejects forged asset bytes and duplicate candidate identities before signing (6.3492ms)
✔ complete signed history audit detects earliest missing ZIP, sequence gaps and historical identity mutation (10.9422ms)
✔ public download binds same-name CDN cache key to immutable asset ID and rejects foreign URLs (2.248ms)
✔ abelian-sandpile committed integration bytes bind to exact upstream identity and reject forged proof (10.8759ms)
✔ lambda-diagram-game committed integration bytes bind to exact upstream identity and reject forged proof (3.0607ms)
ℹ tests 46
ℹ suites 0
ℹ pass 46
ℹ fail 0
ℹ cancelled 0
ℹ skipped 0
ℹ todo 0
ℹ duration_ms 7151.9029
