✔ Android application identity and minimum API stay independent of source APKs (1.2957ms)
✔ Manifest has one launcher and only the planned update permission (1.1731ms)
✔ compact lobby uses four fixed source icons and clickable cards (0.7646ms)
✔ CI builds pinned sources and checks APK without a publish step (0.2749ms)
✔ four original export bridge names and a file chooser are wired (0.5753ms)
Bundled 1 sources, 5 files, commit aaaaaaaaaaaaaaaaaaaaaaaaaaaaaaaaaaaaaaaa
Manifest SHA-256: c196237ef28b006acbe45808ae310a450afdaa37237efe93834558aa4aeee482
Verified 1 sources and 5 resources
fatal: unable to read tree (ffffffffffffffffffffffffffffffffffffffff)
✔ lock contains four immutable source revisions and unique IDs (1.0432ms)
✔ floating revision, duplicate IDs, and unsafe paths are rejected (1.2172ms)
✔ HTML references exclude external and fragment links while preserving local assets (0.8499ms)
✔ missing local HTML reference stops bundling (14.4293ms)
✔ manifest hashes are stable and change when a resource changes (6.3774ms)
✔ failed checkout or missing locked resource preserves the last complete bundle (5197.8712ms)
✔ v2 issuance binds fixed prerelease, complete membership and exact asset bytes (7.0457ms)
✔ higher v2 sequences require history and preserve all identities and immutable same-code metadata (10.4628ms)
✔ higher content accepts new bytes only with new exact public asset identity (0.4798ms)
✔ actual CLI signs via stdin, verifies public DER, rejects overwrite and requires authenticated history (1289.5297ms)
✔ v2 signed bytes, empty directory and retired full descriptor remain strict (459.2422ms)
✔ v2 rejects bad identities, capabilities, dangerous files, expiry and duplicate assets (3.2563ms)
✔ raw signed integer decimals and exponents cannot fold into accepted JS integers (316.2144ms)
✔ dynamic ZIP is repeatable, exact-manifest and keeps source lock immutable (13.0983ms)
✔ synchronously forged ZIP and candidate metadata cannot claim locked source bytes (4.491ms)
✔ v2 snapshot rejects wrong channel, missing retired ZIP and asset reuse (1.0447ms)
✔ detached programmatic Blob click saves content before immediate revoke (7.2868ms)
✔ bubble listener sees EML-style Blob URL assigned by the target click handler (2.7769ms)
✔ demo preserves progress, counts wins once and validates imported state (2.7293ms)
✔ actual import handler never claims durable success after storage write failure (5.4294ms)
✔ nonmatching pair stays visible until next flip; duplicate flip does not count (0.3752ms)
(node:24784) [MODULE_TYPELESS_PACKAGE_JSON] Warning: Module type of file:///D:/soft/.ci-tmp/game-hub-n10/work/examples/red-green-puzzle/core.js is not specified and it doesn't parse as CommonJS.
Reparsing as ES module because module syntax was detected. This incurs a performance overhead.
To eliminate this warning, add "type": "module" to \\?\D:\soft\.ci-tmp\game-hub-n10\work\package.json.
(Use `node --trace-warnings ...` to show where the warning was created)
✔ adaptation retains exact frozen HTML fixture, full MIT and reviewed output hashes (9.6745ms)
✔ every supported size preserves frozen algorithm, legal edges and independent BFS distance (4.6064ms)
✔ invalid sizes are rejected before building and bounded text remains complete (1.5855ms)
✔ only valid versioned parameters restore, invalid storage defaults safely (0.4451ms)
Verified 4 sources and 10 resources
Verified 4 resource ZIPs and complete file manifests; source commit cccccccccccccccccccccccccccccccccccccccc
Built four deterministic resource ZIPs from cccccccccccccccccccccccccccccccccccccccc
Verified 4 sources and 10 resources
Verified 4 resource ZIPs and complete file manifests; source commit cccccccccccccccccccccccccccccccccccccccc
Verified 4 sources and 10 resources
Verified 4 resource ZIPs and complete file manifests; source commit cccccccccccccccccccccccccccccccccccccccc
Built four deterministic resource ZIPs from cccccccccccccccccccccccccccccccccccccccc
Verified 4 resource ZIPs and complete file manifests; source commit cccccccccccccccccccccccccccccccccccccccc
✔ strict parser rejects duplicate escaped keys, UTF8 corruption and invalid JSON (2.4206ms)
✔ resource paths reject traversal, native binaries, prefix conflicts and case duplicates (1.0099ms)
✔ ZIP bytes deterministic regardless input order; CRC and central directory tamper rejected (1.6508ms)
✔ resource inspection rejects service workers, cache proxies and broad storage clear (0.9025ms)
✔ catalog checks four identities, safe integer bounds, clock, entry and storage contracts (5.2827ms)
✔ RSA3072 signature binds raw payload; wrong key/id, tamper and duplicate envelope rejected (152.0532ms)
✔ resource release must be prerelease and uploaded assets uniquely bind digest and size (1.0404ms)
✔ signing snapshot binds release and asset IDs with complete bounded pagination (1.585ms)
✔ resource generation failure preserves previous complete candidate and rejects stale commit (306.6457ms)
✔ successor retains identities omitted from candidate and binds new resources to public assets (39.3892ms)
✔ successor refuses skipped sequences, same-code metadata changes and incomplete historical snapshot (5.246ms)
✔ successor rejects forged asset bytes and duplicate candidate identities before signing (4.8965ms)
✔ complete signed history audit detects earliest missing ZIP, sequence gaps and historical identity mutation (7.1831ms)
✔ public download binds same-name CDN cache key to immutable asset ID and rejects foreign URLs (0.7088ms)
✔ abelian-sandpile committed integration bytes bind to exact upstream identity and reject forged proof (5.2113ms)
✔ lambda-diagram-game committed integration bytes bind to exact upstream identity and reject forged proof (1.7133ms)
ℹ tests 46
ℹ suites 0
ℹ pass 46
ℹ fail 0
ℹ cancelled 0
ℹ skipped 0
ℹ todo 0
ℹ duration_ms 5636.2247
