✔ Android application identity and minimum API stay independent of source APKs (1.9965ms)
✔ Manifest has one launcher and only the planned update permission (1.9394ms)
✔ compact lobby uses four fixed source icons and clickable cards (1.2548ms)
✔ CI builds pinned sources and checks APK without a publish step (0.4497ms)
✔ four original export bridge names and a file chooser are wired (0.8826ms)
Bundled 1 sources, 5 files, commit aaaaaaaaaaaaaaaaaaaaaaaaaaaaaaaaaaaaaaaa
Manifest SHA-256: 62f1673dd0d7ac7a399d198f00643310803fb6b019f467056b6ebf76b26aa677
Verified 1 sources and 5 resources
fatal: unable to read tree (ffffffffffffffffffffffffffffffffffffffff)
✔ lock contains four immutable source revisions and unique IDs (1.8368ms)
✔ floating revision, duplicate IDs, and unsafe paths are rejected (2.5154ms)
✔ HTML references exclude external and fragment links while preserving local assets (2.5231ms)
✔ missing local HTML reference stops bundling (25.1951ms)
✔ manifest hashes are stable and change when a resource changes (13.2673ms)
✔ failed checkout or missing locked resource preserves the last complete bundle (7228.5014ms)
✔ v2 issuance binds fixed prerelease, complete membership and exact asset bytes (10.4674ms)
✔ higher v2 sequences require history and preserve all identities and immutable same-code metadata (21.8972ms)
✔ higher content accepts new bytes only with new exact public asset identity (1.1593ms)
✔ actual CLI signs via stdin, verifies public DER, rejects overwrite and requires authenticated history (2442.3331ms)
✔ v2 signed bytes, empty directory and retired full descriptor remain strict (820.7318ms)
✔ v2 rejects bad identities, capabilities, dangerous files, expiry and duplicate assets (43.0019ms)
✔ raw signed integer decimals and exponents cannot fold into accepted JS integers (479.2495ms)
✔ dynamic ZIP is repeatable, exact-manifest and keeps source lock immutable (21.5569ms)
✔ synchronously forged ZIP and candidate metadata cannot claim locked source bytes (7.1304ms)
✔ v2 snapshot rejects wrong channel, missing retired ZIP and asset reuse (2.0335ms)
✔ detached programmatic Blob click saves content before immediate revoke (9.8116ms)
✔ bubble listener sees EML-style Blob URL assigned by the target click handler (2.612ms)
✔ demo preserves progress, counts wins once and validates imported state (3.0524ms)
✔ actual import handler never claims durable success after storage write failure (6.1035ms)
✔ nonmatching pair stays visible until next flip; duplicate flip does not count (0.6971ms)
(node:15492) [MODULE_TYPELESS_PACKAGE_JSON] Warning: Module type of file:///D:/soft/.ci-tmp/game-hub-n10/work/examples/red-green-puzzle/core.js is not specified and it doesn't parse as CommonJS.
Reparsing as ES module because module syntax was detected. This incurs a performance overhead.
To eliminate this warning, add "type": "module" to \\?\D:\soft\.ci-tmp\game-hub-n10\work\package.json.
(Use `node --trace-warnings ...` to show where the warning was created)
✔ adaptation retains exact frozen HTML fixture, full MIT and reviewed output hashes (16.1069ms)
✔ every supported size preserves frozen algorithm, legal edges and independent BFS distance (6.1109ms)
✔ invalid sizes are rejected before building and bounded text remains complete (2.0276ms)
✔ only valid versioned parameters restore, invalid storage defaults safely (0.6073ms)
Verified 4 sources and 10 resources
Verified 4 resource ZIPs and complete file manifests; source commit cccccccccccccccccccccccccccccccccccccccc
Built four deterministic resource ZIPs from cccccccccccccccccccccccccccccccccccccccc
Verified 4 sources and 10 resources
Verified 4 resource ZIPs and complete file manifests; source commit cccccccccccccccccccccccccccccccccccccccc
Verified 4 sources and 10 resources
Verified 4 resource ZIPs and complete file manifests; source commit cccccccccccccccccccccccccccccccccccccccc
Built four deterministic resource ZIPs from cccccccccccccccccccccccccccccccccccccccc
Verified 4 resource ZIPs and complete file manifests; source commit cccccccccccccccccccccccccccccccccccccccc
✔ strict parser rejects duplicate escaped keys, UTF8 corruption and invalid JSON (5.6604ms)
✔ resource paths reject traversal, native binaries, prefix conflicts and case duplicates (2.4469ms)
✔ ZIP bytes deterministic regardless input order; CRC and central directory tamper rejected (3.3698ms)
✔ resource inspection rejects service workers, cache proxies and broad storage clear (1.1301ms)
✔ catalog checks four identities, safe integer bounds, clock, entry and storage contracts (9.2243ms)
✔ RSA3072 signature binds raw payload; wrong key/id, tamper and duplicate envelope rejected (124.5909ms)
✔ resource release must be prerelease and uploaded assets uniquely bind digest and size (0.9644ms)
✔ signing snapshot binds release and asset IDs with complete bounded pagination (1.6459ms)
✔ resource generation failure preserves previous complete candidate and rejects stale commit (941.141ms)
✔ successor retains identities omitted from candidate and binds new resources to public assets (46.5336ms)
✔ successor refuses skipped sequences, same-code metadata changes and incomplete historical snapshot (7.672ms)
✔ successor rejects forged asset bytes and duplicate candidate identities before signing (6.8702ms)
✔ complete signed history audit detects earliest missing ZIP, sequence gaps and historical identity mutation (10.1396ms)
✔ public download binds same-name CDN cache key to immutable asset ID and rejects foreign URLs (1.3455ms)
✔ v1 successor binds two actual code increases while preserving other full identities (45.4688ms)
✔ v1 successor refuses sequence skips, same-code source/notes/archive changes and rollback (4.6978ms)
✔ v1 refuses wrong contract, repository, duplicate identities, asset IDs and pagination (3.4919ms)
✔ v1 full signed history requires initial one, every sequence, and unchanged same-code metadata (5.9253ms)
✔ v1 anonymous download only accepts fixed release URL and binds immutable asset ID cache key (2.3197ms)
✔ abelian-sandpile committed integration bytes bind to exact upstream identity and reject forged proof (8.9145ms)
✔ lambda-diagram-game committed integration bytes bind to exact upstream identity and reject forged proof (6.7864ms)
ℹ tests 51
ℹ suites 0
ℹ pass 51
ℹ fail 0
ℹ cancelled 0
ℹ skipped 0
ℹ todo 0
ℹ duration_ms 8382.8338
