✔ Android application identity and minimum API stay independent of source APKs (1.8919ms)
✔ Manifest has one launcher and only the planned update permission (1.8273ms)
✔ compact lobby uses four fixed source icons and clickable cards (1.3645ms)
✔ CI builds pinned sources and checks APK without a publish step (0.4924ms)
✔ four original export bridge names and a file chooser are wired (0.9759ms)
Bundled 1 sources, 5 files, commit aaaaaaaaaaaaaaaaaaaaaaaaaaaaaaaaaaaaaaaa
Manifest SHA-256: 207191cc6b326663745351a827d78eac2b982fa601995469e61b88dc01fed182
Verified 1 sources and 5 resources
fatal: unable to read tree (ffffffffffffffffffffffffffffffffffffffff)
✔ lock contains four immutable source revisions and unique IDs (1.8445ms)
✔ floating revision, duplicate IDs, and unsafe paths are rejected (2.4439ms)
✔ HTML references exclude external and fragment links while preserving local assets (1.5372ms)
✔ missing local HTML reference stops bundling (22.703ms)
✔ manifest hashes are stable and change when a resource changes (11.7631ms)
✔ failed checkout or missing locked resource preserves the last complete bundle (7283.2833ms)
✔ v2 issuance binds fixed prerelease, complete membership and exact asset bytes (10.3617ms)
✔ higher v2 sequences require history and preserve all identities and immutable same-code metadata (16.5873ms)
✔ higher content accepts new bytes only with new exact public asset identity (0.8767ms)
✔ actual CLI signs via stdin, verifies public DER, rejects overwrite and requires authenticated history (1697.4801ms)
✔ v2 signed bytes, empty directory and retired full descriptor remain strict (620.7998ms)
✔ v2 rejects bad identities, capabilities, dangerous files, expiry and duplicate assets (13.4342ms)
✔ raw signed integer decimals and exponents cannot fold into accepted JS integers (227.2659ms)
✔ dynamic ZIP is repeatable, exact-manifest and keeps source lock immutable (20.0477ms)
✔ synchronously forged ZIP and candidate metadata cannot claim locked source bytes (7.7019ms)
✔ v2 snapshot rejects wrong channel, missing retired ZIP and asset reuse (2.0747ms)
✔ detached programmatic Blob click saves content before immediate revoke (9.3458ms)
✔ bubble listener sees EML-style Blob URL assigned by the target click handler (2.7829ms)
✔ demo preserves progress, counts wins once and validates imported state (4.6206ms)
✔ actual import handler never claims durable success after storage write failure (7.3253ms)
✔ nonmatching pair stays visible until next flip; duplicate flip does not count (0.4962ms)
(node:12016) [MODULE_TYPELESS_PACKAGE_JSON] Warning: Module type of file:///D:/soft/.ci-tmp/game-hub-n10/work/examples/red-green-puzzle/core.js is not specified and it doesn't parse as CommonJS.
Reparsing as ES module because module syntax was detected. This incurs a performance overhead.
To eliminate this warning, add "type": "module" to \\?\D:\soft\.ci-tmp\game-hub-n10\work\package.json.
(Use `node --trace-warnings ...` to show where the warning was created)
✔ adaptation retains exact frozen HTML fixture, full MIT and reviewed output hashes (17.317ms)
✔ every supported size preserves frozen algorithm, legal edges and independent BFS distance (7.1388ms)
✔ invalid sizes are rejected before building and bounded text remains complete (2.4245ms)
✔ only valid versioned parameters restore, invalid storage defaults safely (0.7033ms)
Verified 4 sources and 10 resources
Verified 4 resource ZIPs and complete file manifests; source commit cccccccccccccccccccccccccccccccccccccccc
Built four deterministic resource ZIPs from cccccccccccccccccccccccccccccccccccccccc
Verified 4 sources and 10 resources
Verified 4 resource ZIPs and complete file manifests; source commit cccccccccccccccccccccccccccccccccccccccc
Verified 4 sources and 10 resources
Verified 4 resource ZIPs and complete file manifests; source commit cccccccccccccccccccccccccccccccccccccccc
Built four deterministic resource ZIPs from cccccccccccccccccccccccccccccccccccccccc
Verified 4 resource ZIPs and complete file manifests; source commit cccccccccccccccccccccccccccccccccccccccc
✔ strict parser rejects duplicate escaped keys, UTF8 corruption and invalid JSON (4.1678ms)
✔ resource paths reject traversal, native binaries, prefix conflicts and case duplicates (1.4495ms)
✔ ZIP bytes deterministic regardless input order; CRC and central directory tamper rejected (2.1084ms)
✔ resource inspection rejects service workers, cache proxies and broad storage clear (0.9741ms)
✔ catalog checks four identities, safe integer bounds, clock, entry and storage contracts (10.3672ms)
✔ RSA3072 signature binds raw payload; wrong key/id, tamper and duplicate envelope rejected (292.9698ms)
✔ resource release must be prerelease and uploaded assets uniquely bind digest and size (2.2928ms)
✔ signing snapshot binds release and asset IDs with complete bounded pagination (5.3951ms)
✔ resource generation failure preserves previous complete candidate and rejects stale commit (743.3444ms)
✔ successor retains identities omitted from candidate and binds new resources to public assets (45.2444ms)
✔ successor refuses skipped sequences, same-code metadata changes and incomplete historical snapshot (7.0821ms)
✔ successor rejects forged asset bytes and duplicate candidate identities before signing (6.1043ms)
✔ complete signed history audit detects earliest missing ZIP, sequence gaps and historical identity mutation (12.1167ms)
✔ public download binds same-name CDN cache key to immutable asset ID and rejects foreign URLs (1.2113ms)
✔ v1 successor binds two actual code increases while preserving other full identities (40.3852ms)
✔ v1 successor refuses sequence skips, same-code source/notes/archive changes and rollback (5.2952ms)
✖ v1 refuses wrong contract, repository, duplicate identities, asset IDs and pagination (4.4113ms)
✔ v1 full signed history requires initial one, every sequence, and unchanged same-code metadata (5.8455ms)
✔ v1 anonymous download only accepts fixed release URL and binds immutable asset ID cache key (1.3933ms)
✔ abelian-sandpile committed integration bytes bind to exact upstream identity and reject forged proof (14.653ms)
✔ lambda-diagram-game committed integration bytes bind to exact upstream identity and reject forged proof (3.7131ms)
ℹ tests 51
ℹ suites 0
ℹ pass 50
ℹ fail 1
ℹ cancelled 0
ℹ skipped 0
ℹ todo 0
ℹ duration_ms 8357.0415

✖ failing tests:

test at tests\resource-v1-successor.test.mjs:30:1
✖ v1 refuses wrong contract, repository, duplicate identities, asset IDs and pagination (4.4113ms)
  AssertionError [ERR_ASSERTION]: Missing expected exception.
      at TestContext.<anonymous> (file:///D:/soft/.ci-tmp/game-hub-n10/work/tests/resource-v1-successor.test.mjs:32:198)
      at Test.runInAsyncScope (node:async_hooks:227:14)
      at Test.run (node:internal/test_runner/test:1382:25)
      at Test.processPendingSubtests (node:internal/test_runner/test:960:18)
      at Test.postRun (node:internal/test_runner/test:1522:19)
      at Test.run (node:internal/test_runner/test:1447:12)
      at async Test.processPendingSubtests (node:internal/test_runner/test:960:7) {
    generatedMessage: false,
    code: 'ERR_ASSERTION',
    actual: undefined,
    expected: undefined,
    operator: 'throws',
    diff: 'simple'
  }
