To honour the JVM settings for this build a single-use Daemon process will be forked. For more on this, please refer to https://docs.gradle.org/8.7/userguide/gradle_daemon.html#sec:disabling_the_daemon in the Gradle documentation.
Daemon will be stopped at the end of the build 
Warning: SDK processing. This version only understands SDK XML versions up to 3 but an SDK XML file of version 4 was encountered. This can happen if you use versions of Android Studio and the command-line tools that were released at different times.
> Task :app:buildKotlinToolingMetadata
> Task :app:checkKotlinGradlePluginConfigurationErrors
> Task :app:preBuild UP-TO-DATE
> Task :app:preReleaseBuild UP-TO-DATE
> Task :app:generateReleaseResValues FROM-CACHE
> Task :app:checkReleaseAarMetadata
> Task :app:mapReleaseSourceSetPaths
> Task :app:generateReleaseResources FROM-CACHE
> Task :app:mergeReleaseResources FROM-CACHE
> Task :app:packageReleaseResources FROM-CACHE
> Task :app:parseReleaseLocalResources FROM-CACHE
> Task :app:createReleaseCompatibleScreenManifests
> Task :app:extractDeepLinksRelease FROM-CACHE
> Task :app:processReleaseMainManifest FROM-CACHE
> Task :app:processReleaseManifest FROM-CACHE
> Task :app:processReleaseManifestForPackage FROM-CACHE
> Task :app:processReleaseResources FROM-CACHE
> Task :app:javaPreCompileRelease FROM-CACHE
> Task :app:preReleaseAndroidTestBuild SKIPPED
> Task :app:checkReleaseAndroidTestAarMetadata
> Task :app:generateReleaseAndroidTestResValues FROM-CACHE
> Task :app:mapReleaseAndroidTestSourceSetPaths
> Task :app:generateReleaseAndroidTestResources FROM-CACHE
> Task :app:mergeReleaseAndroidTestResources FROM-CACHE
> Task :app:processReleaseAndroidTestManifest
> Task :app:processReleaseAndroidTestResources FROM-CACHE

> Task :app:compileReleaseKotlin
w: file:///D:/soft/.ci-tmp/game-hub-n10/work/android/app/src/main/java/com/xiaoxuhui/gamehub/ApkUpdateManager.kt:53:114 'GET_SIGNATURES: Int' is deprecated. Deprecated in Java
w: file:///D:/soft/.ci-tmp/game-hub-n10/work/android/app/src/main/java/com/xiaoxuhui/gamehub/ApkUpdateManager.kt:56:97 'versionCode: Int' is deprecated. Deprecated in Java
w: file:///D:/soft/.ci-tmp/game-hub-n10/work/android/app/src/main/java/com/xiaoxuhui/gamehub/ApkUpdateManager.kt:57:103 'versionCode: Int' is deprecated. Deprecated in Java
w: file:///D:/soft/.ci-tmp/game-hub-n10/work/android/app/src/main/java/com/xiaoxuhui/gamehub/ApkUpdateManager.kt:77:30 'ACTION_INSTALL_PACKAGE: String' is deprecated. Deprecated in Java
w: file:///D:/soft/.ci-tmp/game-hub-n10/work/android/app/src/main/java/com/xiaoxuhui/gamehub/MainActivity.kt:62:163 'versionCode: Int' is deprecated. Deprecated in Java
w: file:///D:/soft/.ci-tmp/game-hub-n10/work/android/app/src/main/java/com/xiaoxuhui/gamehub/MainActivity.kt:394:22 Unnecessary safe call on a non-null receiver of type LocalResourceInfo?
w: file:///D:/soft/.ci-tmp/game-hub-n10/work/android/app/src/main/java/com/xiaoxuhui/gamehub/MainActivity.kt:395:22 Unnecessary safe call on a non-null receiver of type LocalResourceInfo?
w: file:///D:/soft/.ci-tmp/game-hub-n10/work/android/app/src/main/java/com/xiaoxuhui/gamehub/MainActivity.kt:396:22 Unnecessary safe call on a non-null receiver of type LocalResourceInfo?
w: file:///D:/soft/.ci-tmp/game-hub-n10/work/android/app/src/main/java/com/xiaoxuhui/gamehub/MainActivity.kt:399:73 Unnecessary safe call on a non-null receiver of type LocalResourceInfo?
w: file:///D:/soft/.ci-tmp/game-hub-n10/work/android/app/src/main/java/com/xiaoxuhui/gamehub/MainActivity.kt:400:22 Unnecessary safe call on a non-null receiver of type LocalResourceInfo?
w: file:///D:/soft/.ci-tmp/game-hub-n10/work/android/app/src/main/java/com/xiaoxuhui/gamehub/ResourceRuntime.kt:17:106 'versionCode: Int' is deprecated. Deprecated in Java

> Task :app:compileReleaseJavaWithJavac NO-SOURCE
> Task :app:bundleReleaseClassesToCompileJar

> Task :app:compileReleaseAndroidTestKotlin
w: file:///D:/soft/.ci-tmp/game-hub-n10/work/android/app/src/androidTest/java/com/xiaoxuhui/gamehub/DocumentExportTest.kt:104:32 Variable 'text' initializer is redundant
w: file:///D:/soft/.ci-tmp/game-hub-n10/work/android/app/src/androidTest/java/com/xiaoxuhui/gamehub/DynamicDemoDeviceTest.kt:82:71 Variable 'text' initializer is redundant
w: file:///D:/soft/.ci-tmp/game-hub-n10/work/android/app/src/androidTest/java/com/xiaoxuhui/gamehub/DynamicDemoDeviceTest.kt:126:49 Variable 'saved' initializer is redundant
w: file:///D:/soft/.ci-tmp/game-hub-n10/work/android/app/src/androidTest/java/com/xiaoxuhui/gamehub/DynamicOriginWebViewTest.kt:152:21 Unnecessary non-null assertion (!!) on a non-null receiver of type WebView
w: file:///D:/soft/.ci-tmp/game-hub-n10/work/android/app/src/androidTest/java/com/xiaoxuhui/gamehub/DynamicOriginWebViewTest.kt:153:28 Unnecessary non-null assertion (!!) on a non-null receiver of type WebView
w: file:///D:/soft/.ci-tmp/game-hub-n10/work/android/app/src/androidTest/java/com/xiaoxuhui/gamehub/DynamicOriginWebViewTest.kt:154:57 Unnecessary non-null assertion (!!) on a non-null receiver of type WebView
w: file:///D:/soft/.ci-tmp/game-hub-n10/work/android/app/src/androidTest/java/com/xiaoxuhui/gamehub/DynamicOriginWebViewTest.kt:154:106 Unnecessary non-null assertion (!!) on a non-null receiver of type WebView
w: file:///D:/soft/.ci-tmp/game-hub-n10/work/android/app/src/androidTest/java/com/xiaoxuhui/gamehub/DynamicOriginWebViewTest.kt:158:53 Unnecessary non-null assertion (!!) on a non-null receiver of type WebView
w: file:///D:/soft/.ci-tmp/game-hub-n10/work/android/app/src/androidTest/java/com/xiaoxuhui/gamehub/DynamicOriginWebViewTest.kt:158:102 Unnecessary non-null assertion (!!) on a non-null receiver of type WebView
w: file:///D:/soft/.ci-tmp/game-hub-n10/work/android/app/src/androidTest/java/com/xiaoxuhui/gamehub/DynamicOriginWebViewTest.kt:159:59 Unnecessary non-null assertion (!!) on a non-null receiver of type WebView
w: file:///D:/soft/.ci-tmp/game-hub-n10/work/android/app/src/androidTest/java/com/xiaoxuhui/gamehub/DynamicOriginWebViewTest.kt:161:31 Elvis operator (?:) always returns the left operand of non-nullable type WebView?
w: file:///D:/soft/.ci-tmp/game-hub-n10/work/android/app/src/androidTest/java/com/xiaoxuhui/gamehub/ResourceProcessRecoveryTest.kt:154:65 Unnecessary non-null assertion (!!) on a non-null receiver of type ResourceGame
w: file:///D:/soft/.ci-tmp/game-hub-n10/work/android/app/src/androidTest/java/com/xiaoxuhui/gamehub/ResourceWebViewTest.kt:132:24 Unnecessary non-null assertion (!!) on a non-null receiver of type WebView
w: file:///D:/soft/.ci-tmp/game-hub-n10/work/android/app/src/androidTest/java/com/xiaoxuhui/gamehub/ResourceWebViewTest.kt:134:54 Unnecessary non-null assertion (!!) on a non-null receiver of type WebView
w: file:///D:/soft/.ci-tmp/game-hub-n10/work/android/app/src/androidTest/java/com/xiaoxuhui/gamehub/ResourceWebViewTest.kt:135:45 Unnecessary non-null assertion (!!) on a non-null receiver of type WebView
w: file:///D:/soft/.ci-tmp/game-hub-n10/work/android/app/src/androidTest/java/com/xiaoxuhui/gamehub/ResourceWebViewTest.kt:139:45 Unnecessary non-null assertion (!!) on a non-null receiver of type WebView
w: file:///D:/soft/.ci-tmp/game-hub-n10/work/android/app/src/androidTest/java/com/xiaoxuhui/gamehub/ResourceWebViewTest.kt:140:53 Unnecessary non-null assertion (!!) on a non-null receiver of type WebView
w: file:///D:/soft/.ci-tmp/game-hub-n10/work/android/app/src/androidTest/java/com/xiaoxuhui/gamehub/ResourceWebViewTest.kt:141:57 Unnecessary non-null assertion (!!) on a non-null receiver of type WebView
w: file:///D:/soft/.ci-tmp/game-hub-n10/work/android/app/src/androidTest/java/com/xiaoxuhui/gamehub/UpdateFixtureTest.kt:25:29 'ACTION_INSTALL_PACKAGE: String' is deprecated. Deprecated in Java

BUILD SUCCESSFUL in 44s
26 actionable tasks: 11 executed, 15 from cache
