✔ Android application identity and minimum API stay independent of source APKs (4.2179ms)
✔ Manifest has one launcher and only the planned update permission (3.0621ms)
✔ compact lobby uses four fixed source icons and clickable cards (2.042ms)
✔ CI builds pinned sources and checks APK without a publish step (0.517ms)
✔ four original export bridge names and a file chooser are wired (0.9963ms)
Bundled 1 sources, 5 files, commit aaaaaaaaaaaaaaaaaaaaaaaaaaaaaaaaaaaaaaaa
Manifest SHA-256: f7c1375f188b2d5e0930b1152ee69d64f2362be3730729c72b357268c26f4a90
Verified 1 sources and 5 resources
fatal: unable to read tree (ffffffffffffffffffffffffffffffffffffffff)
✔ lock contains four immutable source revisions and unique IDs (3.447ms)
✔ floating revision, duplicate IDs, and unsafe paths are rejected (1.3998ms)
✔ HTML references exclude external and fragment links while preserving local assets (2.9473ms)
✔ missing local HTML reference stops bundling (44.6149ms)
✔ manifest hashes are stable and change when a resource changes (15.3118ms)
✔ failed checkout or missing locked resource preserves the last complete bundle (6722.482ms)
✔ v2 issuance binds fixed prerelease, complete membership and exact asset bytes (13.5901ms)
✔ higher v2 sequences require history and preserve all identities and immutable same-code metadata (19.5485ms)
✔ higher content accepts new bytes only with new exact public asset identity (1.3324ms)
✔ actual CLI signs via stdin, verifies public DER, rejects overwrite and requires authenticated history (1906.7035ms)
✔ v2 signed bytes, empty directory and retired full descriptor remain strict (335.7209ms)
✔ v2 rejects bad identities, capabilities, dangerous files, expiry and duplicate assets (4.942ms)
✔ raw signed integer decimals and exponents cannot fold into accepted JS integers (179.1657ms)
✔ dynamic ZIP is repeatable, exact-manifest and keeps source lock immutable (18.3685ms)
✔ synchronously forged ZIP and candidate metadata cannot claim locked source bytes (7.7038ms)
✔ v2 snapshot rejects wrong channel, missing retired ZIP and asset reuse (2.1362ms)
✔ detached programmatic Blob click saves content before immediate revoke (9.5682ms)
✔ bubble listener sees EML-style Blob URL assigned by the target click handler (3.4296ms)
✔ demo preserves progress, counts wins once and validates imported state (4.5995ms)
✔ actual import handler never claims durable success after storage write failure (8.5074ms)
✔ nonmatching pair stays visible until next flip; duplicate flip does not count (0.7329ms)
(node:33692) [MODULE_TYPELESS_PACKAGE_JSON] Warning: Module type of file:///D:/soft/.ci-tmp/game-hub-n10/work/examples/red-green-puzzle/core.js is not specified and it doesn't parse as CommonJS.
Reparsing as ES module because module syntax was detected. This incurs a performance overhead.
To eliminate this warning, add "type": "module" to \\?\D:\soft\.ci-tmp\game-hub-n10\work\package.json.
(Use `node --trace-warnings ...` to show where the warning was created)
✔ adaptation retains exact frozen HTML fixture, full MIT and reviewed output hashes (22.6098ms)
✔ every supported size preserves frozen algorithm, legal edges and independent BFS distance (7.2073ms)
✔ invalid sizes are rejected before building and bounded text remains complete (2.3717ms)
✔ only valid versioned parameters restore, invalid storage defaults safely (0.7612ms)
Verified 4 sources and 10 resources
Verified 4 resource ZIPs and complete file manifests; source commit cccccccccccccccccccccccccccccccccccccccc
Built four deterministic resource ZIPs from cccccccccccccccccccccccccccccccccccccccc
Verified 4 sources and 10 resources
Verified 4 resource ZIPs and complete file manifests; source commit cccccccccccccccccccccccccccccccccccccccc
Verified 4 sources and 10 resources
Verified 4 resource ZIPs and complete file manifests; source commit cccccccccccccccccccccccccccccccccccccccc
Built four deterministic resource ZIPs from cccccccccccccccccccccccccccccccccccccccc
Verified 4 resource ZIPs and complete file manifests; source commit cccccccccccccccccccccccccccccccccccccccc
✔ strict parser rejects duplicate escaped keys, UTF8 corruption and invalid JSON (3.0095ms)
✔ resource paths reject traversal, native binaries, prefix conflicts and case duplicates (1.576ms)
✔ ZIP bytes deterministic regardless input order; CRC and central directory tamper rejected (2.6922ms)
✔ resource inspection rejects service workers, cache proxies and broad storage clear (0.9464ms)
✔ catalog checks four identities, safe integer bounds, clock, entry and storage contracts (8.7548ms)
✔ RSA3072 signature binds raw payload; wrong key/id, tamper and duplicate envelope rejected (59.9378ms)
✔ resource release must be prerelease and uploaded assets uniquely bind digest and size (0.7646ms)
✔ signing snapshot binds release and asset IDs with complete bounded pagination (1.429ms)
✔ resource generation failure preserves previous complete candidate and rejects stale commit (587.3932ms)
✔ successor retains identities omitted from candidate and binds new resources to public assets (43.9655ms)
✔ successor refuses skipped sequences, same-code metadata changes and incomplete historical snapshot (6.4895ms)
✔ successor rejects forged asset bytes and duplicate candidate identities before signing (3.4459ms)
✔ complete signed history audit detects earliest missing ZIP, sequence gaps and historical identity mutation (12.5406ms)
✔ public download binds same-name CDN cache key to immutable asset ID and rejects foreign URLs (0.8805ms)
✔ abelian-sandpile committed integration bytes bind to exact upstream identity and reject forged proof (18.966ms)
✔ lambda-diagram-game committed integration bytes bind to exact upstream identity and reject forged proof (3.6057ms)
ℹ tests 46
ℹ suites 0
ℹ pass 46
ℹ fail 0
ℹ cancelled 0
ℹ skipped 0
ℹ todo 0
ℹ duration_ms 8132.359
