✔ Android application identity and minimum API stay independent of source APKs (1.2281ms)
✔ Manifest has one launcher and only the planned update permission (1.1758ms)
✔ compact lobby uses four fixed source icons and clickable cards (0.6829ms)
✔ CI builds pinned sources and checks APK without a publish step (0.269ms)
✔ four original export bridge names and a file chooser are wired (0.464ms)
Bundled 1 sources, 5 files, commit aaaaaaaaaaaaaaaaaaaaaaaaaaaaaaaaaaaaaaaa
Manifest SHA-256: 7d27e65bb87719fea14dce2f4adf3c3f27a3f2d3747dd0bf8a29a91c443f0389
Verified 1 sources and 5 resources
fatal: unable to read tree (ffffffffffffffffffffffffffffffffffffffff)
✔ lock contains four immutable source revisions and unique IDs (1.2923ms)
✔ floating revision, duplicate IDs, and unsafe paths are rejected (1.423ms)
✔ HTML references exclude external and fragment links while preserving local assets (0.9984ms)
✔ missing local HTML reference stops bundling (14.3886ms)
✔ manifest hashes are stable and change when a resource changes (7.0486ms)
✔ failed checkout or missing locked resource preserves the last complete bundle (3410.9519ms)
✔ v2 signed bytes, empty directory and retired full descriptor remain strict (79.4925ms)
✔ v2 rejects bad identities, capabilities, dangerous files, expiry and duplicate assets (2.2011ms)
✔ raw signed integer decimals and exponents cannot fold into accepted JS integers (113.1569ms)
✔ dynamic ZIP is repeatable, exact-manifest and keeps source lock immutable (11.8404ms)
✔ synchronously forged ZIP and candidate metadata cannot claim locked source bytes (4.652ms)
✔ v2 snapshot rejects wrong channel, missing retired ZIP and asset reuse (1.0812ms)
✔ detached programmatic Blob click saves content before immediate revoke (5.1668ms)
✔ bubble listener sees EML-style Blob URL assigned by the target click handler (1.6318ms)
✔ demo preserves progress, counts wins once and validates imported state (2.0841ms)
✔ actual import handler never claims durable success after storage write failure (3.5343ms)
✔ nonmatching pair stays visible until next flip; duplicate flip does not count (0.2564ms)
Verified 4 sources and 10 resources
Verified 4 resource ZIPs and complete file manifests; source commit cccccccccccccccccccccccccccccccccccccccc
Built four deterministic resource ZIPs from cccccccccccccccccccccccccccccccccccccccc
Verified 4 sources and 10 resources
Verified 4 resource ZIPs and complete file manifests; source commit cccccccccccccccccccccccccccccccccccccccc
Verified 4 sources and 10 resources
Verified 4 resource ZIPs and complete file manifests; source commit cccccccccccccccccccccccccccccccccccccccc
Built four deterministic resource ZIPs from cccccccccccccccccccccccccccccccccccccccc
Verified 4 resource ZIPs and complete file manifests; source commit cccccccccccccccccccccccccccccccccccccccc
✔ strict parser rejects duplicate escaped keys, UTF8 corruption and invalid JSON (1.7305ms)
✔ resource paths reject traversal, native binaries, prefix conflicts and case duplicates (0.6894ms)
✔ ZIP bytes deterministic regardless input order; CRC and central directory tamper rejected (1.1119ms)
✔ resource inspection rejects service workers, cache proxies and broad storage clear (0.4833ms)
✔ catalog checks four identities, safe integer bounds, clock, entry and storage contracts (3.5491ms)
✔ RSA3072 signature binds raw payload; wrong key/id, tamper and duplicate envelope rejected (223.8348ms)
✔ resource release must be prerelease and uploaded assets uniquely bind digest and size (0.425ms)
✔ signing snapshot binds release and asset IDs with complete bounded pagination (0.7411ms)
✔ resource generation failure preserves previous complete candidate and rejects stale commit (135.4185ms)
ℹ tests 31
ℹ suites 0
ℹ pass 31
ℹ fail 0
ℹ cancelled 0
ℹ skipped 0
ℹ todo 0
ℹ duration_ms 4125.482
