✔ v2 signed bytes, empty directory and retired full descriptor remain strict (132.9174ms)
✔ v2 rejects bad identities, capabilities, dangerous files, expiry and duplicate assets (1.9706ms)
✖ raw signed integer decimals and exponents cannot fold into accepted JS integers (349.3528ms)
ℹ tests 3
ℹ suites 0
ℹ pass 2
ℹ fail 1
ℹ cancelled 0
ℹ skipped 0
ℹ todo 0
ℹ duration_ms 589.722

✖ failing tests:

test at tests\dynamic-protocol.test.mjs:29:1
✖ raw signed integer decimals and exponents cannot fold into accepted JS integers (349.3528ms)
  AssertionError [ERR_ASSERTION]: Missing expected exception.
      at TestContext.<anonymous> (file:///D:/soft/.ci-tmp/game-hub-work/v030-final/tests/dynamic-protocol.test.mjs:34:12)
      at Test.runInAsyncScope (node:async_hooks:227:14)
      at Test.run (node:internal/test_runner/test:1382:25)
      at Test.processPendingSubtests (node:internal/test_runner/test:960:18)
      at Test.postRun (node:internal/test_runner/test:1522:19)
      at Test.run (node:internal/test_runner/test:1447:12)
      at async Test.processPendingSubtests (node:internal/test_runner/test:960:7) {
    generatedMessage: false,
    code: 'ERR_ASSERTION',
    actual: undefined,
    expected: /Noncanonical integer/,
    operator: 'throws',
    diff: 'simple'
  }
