✔ Android application identity and minimum API stay independent of source APKs (1.5012ms)
✔ Manifest has one launcher and only the planned update permission (1.3695ms)
✔ compact lobby uses four fixed source icons and clickable cards (0.824ms)
✔ CI builds pinned sources and checks APK without a publish step (0.3175ms)
✔ four original export bridge names and a file chooser are wired (0.5873ms)
Bundled 1 sources, 5 files, commit aaaaaaaaaaaaaaaaaaaaaaaaaaaaaaaaaaaaaaaa
Manifest SHA-256: de44e10925570988a22c0a4f9bf2f89dab1ced1faeee4b8054873434dda86d6a
Verified 1 sources and 5 resources
fatal: unable to read tree (ffffffffffffffffffffffffffffffffffffffff)
✔ lock contains four immutable source revisions and unique IDs (1.2876ms)
✔ floating revision, duplicate IDs, and unsafe paths are rejected (1.6622ms)
✔ HTML references exclude external and fragment links while preserving local assets (1.0636ms)
✔ missing local HTML reference stops bundling (18.3787ms)
✔ manifest hashes are stable and change when a resource changes (8.6779ms)
✔ failed checkout or missing locked resource preserves the last complete bundle (3433.3916ms)
✔ v2 signed bytes, empty directory and retired full descriptor remain strict (298.8593ms)
✔ v2 rejects bad identities, capabilities, dangerous files, expiry and duplicate assets (2.5899ms)
✔ raw signed integer decimals and exponents cannot fold into accepted JS integers (41.0238ms)
✔ dynamic ZIP is repeatable, exact-manifest and keeps source lock immutable (13.1279ms)
✔ v2 snapshot rejects wrong channel, missing retired ZIP and asset reuse (2.1215ms)
✔ detached programmatic Blob click saves content before immediate revoke (8.6554ms)
✔ bubble listener sees EML-style Blob URL assigned by the target click handler (3.0484ms)
✔ demo preserves progress, counts wins once and validates imported state (3.3596ms)
✔ actual import handler never claims durable success after storage write failure (5.0376ms)
✔ nonmatching pair stays visible until next flip; duplicate flip does not count (0.3365ms)
Verified 4 sources and 10 resources
Verified 4 resource ZIPs and complete file manifests; source commit cccccccccccccccccccccccccccccccccccccccc
Built four deterministic resource ZIPs from cccccccccccccccccccccccccccccccccccccccc
Verified 4 sources and 10 resources
Verified 4 resource ZIPs and complete file manifests; source commit cccccccccccccccccccccccccccccccccccccccc
Verified 4 sources and 10 resources
Verified 4 resource ZIPs and complete file manifests; source commit cccccccccccccccccccccccccccccccccccccccc
Built four deterministic resource ZIPs from cccccccccccccccccccccccccccccccccccccccc
Verified 4 resource ZIPs and complete file manifests; source commit cccccccccccccccccccccccccccccccccccccccc
✔ strict parser rejects duplicate escaped keys, UTF8 corruption and invalid JSON (1.9089ms)
✔ resource paths reject traversal, native binaries, prefix conflicts and case duplicates (0.8757ms)
✔ ZIP bytes deterministic regardless input order; CRC and central directory tamper rejected (2.0399ms)
✔ resource inspection rejects service workers, cache proxies and broad storage clear (0.7016ms)
✔ catalog checks four identities, safe integer bounds, clock, entry and storage contracts (3.4571ms)
✔ RSA3072 signature binds raw payload; wrong key/id, tamper and duplicate envelope rejected (97.8466ms)
✔ resource release must be prerelease and uploaded assets uniquely bind digest and size (0.4574ms)
✔ signing snapshot binds release and asset IDs with complete bounded pagination (0.8067ms)
✔ resource generation failure preserves previous complete candidate and rejects stale commit (161.4255ms)
ℹ tests 30
ℹ suites 0
ℹ pass 30
ℹ fail 0
ℹ cancelled 0
ℹ skipped 0
ℹ todo 0
ℹ duration_ms 4198.7766
