> Task :app:buildKotlinToolingMetadata
> Task :app:checkKotlinGradlePluginConfigurationErrors
> Task :app:preBuild UP-TO-DATE
> Task :app:preReleaseBuild UP-TO-DATE
> Task :app:checkReleaseAarMetadata
> Task :app:generateReleaseResValues
> Task :app:mapReleaseSourceSetPaths
> Task :app:generateReleaseResources
> Task :app:packageReleaseResources
> Task :app:createReleaseCompatibleScreenManifests
> Task :app:extractDeepLinksRelease
> Task :app:parseReleaseLocalResources
> Task :app:processReleaseMainManifest
> Task :app:processReleaseManifest
> Task :app:preReleaseUnitTestBuild UP-TO-DATE
> Task :app:javaPreCompileRelease
> Task :app:processReleaseManifestForPackage
> Task :app:javaPreCompileReleaseUnitTest
> Task :app:mergeReleaseResources
> Task :app:processReleaseResources

> Task :app:compileReleaseKotlin
w: file:///D:/soft/.ci-tmp/game-hub-work/v030-final/android/app/src/main/java/com/xiaoxuhui/gamehub/ApkUpdateManager.kt:53:114 'GET_SIGNATURES: Int' is deprecated. Deprecated in Java
w: file:///D:/soft/.ci-tmp/game-hub-work/v030-final/android/app/src/main/java/com/xiaoxuhui/gamehub/ApkUpdateManager.kt:56:97 'versionCode: Int' is deprecated. Deprecated in Java
w: file:///D:/soft/.ci-tmp/game-hub-work/v030-final/android/app/src/main/java/com/xiaoxuhui/gamehub/ApkUpdateManager.kt:57:103 'versionCode: Int' is deprecated. Deprecated in Java
w: file:///D:/soft/.ci-tmp/game-hub-work/v030-final/android/app/src/main/java/com/xiaoxuhui/gamehub/ApkUpdateManager.kt:77:30 'ACTION_INSTALL_PACKAGE: String' is deprecated. Deprecated in Java
w: file:///D:/soft/.ci-tmp/game-hub-work/v030-final/android/app/src/main/java/com/xiaoxuhui/gamehub/MainActivity.kt:59:163 'versionCode: Int' is deprecated. Deprecated in Java
w: file:///D:/soft/.ci-tmp/game-hub-work/v030-final/android/app/src/main/java/com/xiaoxuhui/gamehub/MainActivity.kt:316:22 Unnecessary safe call on a non-null receiver of type LocalResourceInfo?
w: file:///D:/soft/.ci-tmp/game-hub-work/v030-final/android/app/src/main/java/com/xiaoxuhui/gamehub/MainActivity.kt:317:22 Unnecessary safe call on a non-null receiver of type LocalResourceInfo?
w: file:///D:/soft/.ci-tmp/game-hub-work/v030-final/android/app/src/main/java/com/xiaoxuhui/gamehub/MainActivity.kt:318:22 Unnecessary safe call on a non-null receiver of type LocalResourceInfo?
w: file:///D:/soft/.ci-tmp/game-hub-work/v030-final/android/app/src/main/java/com/xiaoxuhui/gamehub/MainActivity.kt:321:73 Unnecessary safe call on a non-null receiver of type LocalResourceInfo?
w: file:///D:/soft/.ci-tmp/game-hub-work/v030-final/android/app/src/main/java/com/xiaoxuhui/gamehub/MainActivity.kt:322:22 Unnecessary safe call on a non-null receiver of type LocalResourceInfo?
w: file:///D:/soft/.ci-tmp/game-hub-work/v030-final/android/app/src/main/java/com/xiaoxuhui/gamehub/ResourceRuntime.kt:17:106 'versionCode: Int' is deprecated. Deprecated in Java

> Task :app:compileReleaseJavaWithJavac NO-SOURCE
> Task :app:processReleaseJavaRes
> Task :app:bundleReleaseClassesToCompileJar
> Task :app:bundleReleaseClassesToRuntimeJar
> Task :app:compileReleaseUnitTestKotlin
> Task :app:compileReleaseUnitTestJavaWithJavac NO-SOURCE
> Task :app:processReleaseUnitTestJavaRes
> Task :app:testReleaseUnitTest

BUILD SUCCESSFUL in 42s
24 actionable tasks: 24 executed
