> Task :app:buildKotlinToolingMetadata UP-TO-DATE
> Task :app:checkKotlinGradlePluginConfigurationErrors
> Task :app:preBuild UP-TO-DATE
> Task :app:preReleaseBuild UP-TO-DATE
> Task :app:checkReleaseAarMetadata UP-TO-DATE
> Task :app:generateReleaseResValues UP-TO-DATE
> Task :app:mapReleaseSourceSetPaths UP-TO-DATE
> Task :app:generateReleaseResources UP-TO-DATE
> Task :app:mergeReleaseResources UP-TO-DATE
> Task :app:packageReleaseResources UP-TO-DATE
> Task :app:parseReleaseLocalResources UP-TO-DATE
> Task :app:createReleaseCompatibleScreenManifests UP-TO-DATE
> Task :app:extractDeepLinksRelease UP-TO-DATE
> Task :app:processReleaseMainManifest UP-TO-DATE
> Task :app:processReleaseManifest UP-TO-DATE
> Task :app:processReleaseManifestForPackage UP-TO-DATE
> Task :app:processReleaseResources UP-TO-DATE
> Task :app:compileReleaseKotlin UP-TO-DATE
> Task :app:javaPreCompileRelease UP-TO-DATE
> Task :app:compileReleaseJavaWithJavac NO-SOURCE
> Task :app:extractProguardFiles UP-TO-DATE
> Task :app:generateReleaseLintVitalReportModel
> Task :app:mergeReleaseJniLibFolders UP-TO-DATE
> Task :app:mergeReleaseNativeLibs NO-SOURCE
> Task :app:stripReleaseDebugSymbols NO-SOURCE
> Task :app:extractReleaseNativeSymbolTables NO-SOURCE
> Task :app:mergeReleaseNativeDebugMetadata NO-SOURCE
> Task :app:checkReleaseDuplicateClasses UP-TO-DATE
> Task :app:dexBuilderRelease
> Task :app:desugarReleaseFileDependencies UP-TO-DATE
> Task :app:mergeReleaseStartupProfile UP-TO-DATE
> Task :app:mergeExtDexRelease UP-TO-DATE
> Task :app:mergeReleaseArtProfile UP-TO-DATE
> Task :app:mergeReleaseGlobalSynthetics UP-TO-DATE
> Task :app:mergeReleaseShaders UP-TO-DATE
> Task :app:compileReleaseShaders NO-SOURCE
> Task :app:generateReleaseAssets UP-TO-DATE
> Task :app:mergeReleaseAssets UP-TO-DATE
> Task :app:compressReleaseAssets UP-TO-DATE
> Task :app:extractReleaseVersionControlInfo UP-TO-DATE
> Task :app:processReleaseJavaRes UP-TO-DATE
> Task :app:mergeReleaseJavaResource UP-TO-DATE
> Task :app:optimizeReleaseResources UP-TO-DATE
> Task :app:collectReleaseDependencies UP-TO-DATE
> Task :app:sdkReleaseDependencyData UP-TO-DATE
> Task :app:writeReleaseAppMetadata UP-TO-DATE
> Task :app:writeReleaseSigningConfigVersions UP-TO-DATE
> Task :app:bundleReleaseClassesToCompileJar UP-TO-DATE
> Task :app:preReleaseAndroidTestBuild SKIPPED
> Task :app:checkReleaseAndroidTestAarMetadata UP-TO-DATE
> Task :app:generateReleaseAndroidTestResValues UP-TO-DATE
> Task :app:mapReleaseAndroidTestSourceSetPaths UP-TO-DATE
> Task :app:generateReleaseAndroidTestResources UP-TO-DATE
> Task :app:mergeReleaseAndroidTestResources UP-TO-DATE
> Task :app:processReleaseAndroidTestManifest UP-TO-DATE
> Task :app:processReleaseAndroidTestResources UP-TO-DATE
> Task :app:javaPreCompileReleaseAndroidTest UP-TO-DATE
> Task :app:mergeReleaseAndroidTestShaders UP-TO-DATE
> Task :app:compileReleaseAndroidTestShaders NO-SOURCE
> Task :app:generateReleaseAndroidTestAssets UP-TO-DATE
> Task :app:mergeReleaseAndroidTestAssets UP-TO-DATE
> Task :app:compressReleaseAndroidTestAssets UP-TO-DATE
> Task :app:checkReleaseAndroidTestDuplicateClasses UP-TO-DATE
> Task :app:desugarReleaseAndroidTestFileDependencies UP-TO-DATE
> Task :app:mergeExtDexReleaseAndroidTest UP-TO-DATE
> Task :app:mergeReleaseAndroidTestJniLibFolders UP-TO-DATE
> Task :app:mergeReleaseAndroidTestNativeLibs NO-SOURCE
> Task :app:stripReleaseAndroidTestDebugSymbols NO-SOURCE
> Task :app:writeReleaseAndroidTestSigningConfigVersions UP-TO-DATE
> Task :app:mergeDexRelease
> Task :app:compileReleaseArtProfile
> Task :app:packageRelease
> Task :app:createReleaseApkListingFileRedirect UP-TO-DATE

> Task :app:compileReleaseAndroidTestKotlin
w: file:///D:/soft/.ci-tmp/game-hub-work/v030-final/android/app/src/androidTest/java/com/xiaoxuhui/gamehub/DynamicDemoDeviceTest.kt:82:71 Variable 'text' initializer is redundant
w: file:///D:/soft/.ci-tmp/game-hub-work/v030-final/android/app/src/androidTest/java/com/xiaoxuhui/gamehub/DynamicDemoDeviceTest.kt:126:49 Variable 'saved' initializer is redundant
w: file:///D:/soft/.ci-tmp/game-hub-work/v030-final/android/app/src/androidTest/java/com/xiaoxuhui/gamehub/ResourceProcessRecoveryTest.kt:154:65 Unnecessary non-null assertion (!!) on a non-null receiver of type ResourceGame

> Task :app:compileReleaseAndroidTestJavaWithJavac NO-SOURCE
> Task :app:dexBuilderReleaseAndroidTest
> Task :app:mergeReleaseAndroidTestGlobalSynthetics UP-TO-DATE
> Task :app:processReleaseAndroidTestJavaRes UP-TO-DATE
> Task :app:mergeReleaseAndroidTestJavaResource UP-TO-DATE
> Task :app:mergeDexReleaseAndroidTest
> Task :app:packageReleaseAndroidTest
> Task :app:createReleaseAndroidTestApkListingFileRedirect UP-TO-DATE
> Task :app:assembleReleaseAndroidTest
> Task :app:lintVitalAnalyzeRelease
> Task :app:lintVitalReportRelease
> Task :app:lintVitalRelease
> Task :app:assembleRelease

BUILD SUCCESSFUL in 7s
70 actionable tasks: 13 executed, 57 up-to-date
