> Task :app:checkKotlinGradlePluginConfigurationErrors
> Task :app:preBuild UP-TO-DATE
> Task :app:preDebugBuild UP-TO-DATE
> Task :app:checkDebugAarMetadata
> Task :app:generateDebugResValues
> Task :app:mapDebugSourceSetPaths
> Task :app:generateDebugResources
> Task :app:packageDebugResources
> Task :app:createDebugCompatibleScreenManifests
> Task :app:parseDebugLocalResources
> Task :app:extractDeepLinksDebug
> Task :app:mergeDebugResources
> Task :app:processDebugMainManifest
> Task :app:processDebugManifest
> Task :app:preDebugUnitTestBuild UP-TO-DATE
> Task :app:buildKotlinToolingMetadata
> Task :app:javaPreCompileDebug
> Task :app:javaPreCompileDebugUnitTest
> Task :app:processDebugManifestForPackage
> Task :app:preReleaseBuild UP-TO-DATE
> Task :app:checkReleaseAarMetadata
> Task :app:generateReleaseResValues
> Task :app:mapReleaseSourceSetPaths
> Task :app:generateReleaseResources
> Task :app:processDebugResources
> Task :app:packageReleaseResources
> Task :app:createReleaseCompatibleScreenManifests
> Task :app:extractDeepLinksRelease
> Task :app:parseReleaseLocalResources
> Task :app:processReleaseMainManifest
> Task :app:processReleaseManifest
> Task :app:javaPreCompileRelease
> Task :app:extractProguardFiles
> Task :app:mergeReleaseJniLibFolders
> Task :app:mergeReleaseNativeLibs NO-SOURCE
> Task :app:stripReleaseDebugSymbols NO-SOURCE
> Task :app:extractReleaseNativeSymbolTables NO-SOURCE
> Task :app:mergeReleaseNativeDebugMetadata NO-SOURCE
> Task :app:desugarReleaseFileDependencies
> Task :app:mergeReleaseStartupProfile
> Task :app:checkReleaseDuplicateClasses
> Task :app:mergeReleaseShaders
> Task :app:mergeReleaseArtProfile
> Task :app:compileReleaseShaders NO-SOURCE
> Task :app:generateReleaseAssets UP-TO-DATE
> Task :app:mergeReleaseAssets
> Task :app:extractReleaseVersionControlInfo
> Task :app:compressReleaseAssets
> Task :app:collectReleaseDependencies
> Task :app:sdkReleaseDependencyData
> Task :app:writeReleaseAppMetadata
> Task :app:writeReleaseSigningConfigVersions
> Task :app:preReleaseAndroidTestBuild SKIPPED
> Task :app:checkReleaseAndroidTestAarMetadata
> Task :app:generateReleaseAndroidTestResValues
> Task :app:mapReleaseAndroidTestSourceSetPaths
> Task :app:generateReleaseAndroidTestResources
> Task :app:mergeReleaseAndroidTestResources
> Task :app:processReleaseAndroidTestManifest
> Task :app:mergeReleaseAndroidTestShaders
> Task :app:compileReleaseAndroidTestShaders NO-SOURCE
> Task :app:generateReleaseAndroidTestAssets UP-TO-DATE
> Task :app:mergeReleaseAndroidTestAssets
> Task :app:javaPreCompileReleaseAndroidTest
> Task :app:compressReleaseAndroidTestAssets
> Task :app:checkReleaseAndroidTestDuplicateClasses
> Task :app:desugarReleaseAndroidTestFileDependencies
> Task :app:mergeReleaseAndroidTestJniLibFolders
> Task :app:mergeReleaseAndroidTestNativeLibs NO-SOURCE
> Task :app:stripReleaseAndroidTestDebugSymbols NO-SOURCE
> Task :app:writeReleaseAndroidTestSigningConfigVersions
> Task :app:preReleaseUnitTestBuild UP-TO-DATE
> Task :app:processReleaseManifestForPackage
> Task :app:mergeExtDexReleaseAndroidTest
> Task :app:processReleaseAndroidTestResources
> Task :app:mergeExtDexRelease
> Task :app:mergeReleaseResources
> Task :app:processReleaseResources
> Task :app:optimizeReleaseResources

> Task :app:compileDebugKotlin
w: file:///D:/soft/.ci-tmp/game-hub-work/v030-final/android/app/src/main/java/com/xiaoxuhui/gamehub/ApkUpdateManager.kt:53:114 'GET_SIGNATURES: Int' is deprecated. Deprecated in Java
w: file:///D:/soft/.ci-tmp/game-hub-work/v030-final/android/app/src/main/java/com/xiaoxuhui/gamehub/ApkUpdateManager.kt:56:97 'versionCode: Int' is deprecated. Deprecated in Java
w: file:///D:/soft/.ci-tmp/game-hub-work/v030-final/android/app/src/main/java/com/xiaoxuhui/gamehub/ApkUpdateManager.kt:57:103 'versionCode: Int' is deprecated. Deprecated in Java
w: file:///D:/soft/.ci-tmp/game-hub-work/v030-final/android/app/src/main/java/com/xiaoxuhui/gamehub/ApkUpdateManager.kt:77:30 'ACTION_INSTALL_PACKAGE: String' is deprecated. Deprecated in Java
w: file:///D:/soft/.ci-tmp/game-hub-work/v030-final/android/app/src/main/java/com/xiaoxuhui/gamehub/MainActivity.kt:59:163 'versionCode: Int' is deprecated. Deprecated in Java
w: file:///D:/soft/.ci-tmp/game-hub-work/v030-final/android/app/src/main/java/com/xiaoxuhui/gamehub/MainActivity.kt:316:22 Unnecessary safe call on a non-null receiver of type LocalResourceInfo?
w: file:///D:/soft/.ci-tmp/game-hub-work/v030-final/android/app/src/main/java/com/xiaoxuhui/gamehub/MainActivity.kt:317:22 Unnecessary safe call on a non-null receiver of type LocalResourceInfo?
w: file:///D:/soft/.ci-tmp/game-hub-work/v030-final/android/app/src/main/java/com/xiaoxuhui/gamehub/MainActivity.kt:318:22 Unnecessary safe call on a non-null receiver of type LocalResourceInfo?
w: file:///D:/soft/.ci-tmp/game-hub-work/v030-final/android/app/src/main/java/com/xiaoxuhui/gamehub/MainActivity.kt:321:73 Unnecessary safe call on a non-null receiver of type LocalResourceInfo?
w: file:///D:/soft/.ci-tmp/game-hub-work/v030-final/android/app/src/main/java/com/xiaoxuhui/gamehub/MainActivity.kt:322:22 Unnecessary safe call on a non-null receiver of type LocalResourceInfo?
w: file:///D:/soft/.ci-tmp/game-hub-work/v030-final/android/app/src/main/java/com/xiaoxuhui/gamehub/ResourceRuntime.kt:17:106 'versionCode: Int' is deprecated. Deprecated in Java

> Task :app:compileDebugJavaWithJavac NO-SOURCE
> Task :app:processDebugJavaRes
> Task :app:bundleDebugClassesToRuntimeJar
> Task :app:bundleDebugClassesToCompileJar

> Task :app:compileReleaseKotlin
w: file:///D:/soft/.ci-tmp/game-hub-work/v030-final/android/app/src/main/java/com/xiaoxuhui/gamehub/ApkUpdateManager.kt:53:114 'GET_SIGNATURES: Int' is deprecated. Deprecated in Java
w: file:///D:/soft/.ci-tmp/game-hub-work/v030-final/android/app/src/main/java/com/xiaoxuhui/gamehub/ApkUpdateManager.kt:56:97 'versionCode: Int' is deprecated. Deprecated in Java
w: file:///D:/soft/.ci-tmp/game-hub-work/v030-final/android/app/src/main/java/com/xiaoxuhui/gamehub/ApkUpdateManager.kt:57:103 'versionCode: Int' is deprecated. Deprecated in Java
w: file:///D:/soft/.ci-tmp/game-hub-work/v030-final/android/app/src/main/java/com/xiaoxuhui/gamehub/ApkUpdateManager.kt:77:30 'ACTION_INSTALL_PACKAGE: String' is deprecated. Deprecated in Java
w: file:///D:/soft/.ci-tmp/game-hub-work/v030-final/android/app/src/main/java/com/xiaoxuhui/gamehub/MainActivity.kt:59:163 'versionCode: Int' is deprecated. Deprecated in Java
w: file:///D:/soft/.ci-tmp/game-hub-work/v030-final/android/app/src/main/java/com/xiaoxuhui/gamehub/MainActivity.kt:316:22 Unnecessary safe call on a non-null receiver of type LocalResourceInfo?
w: file:///D:/soft/.ci-tmp/game-hub-work/v030-final/android/app/src/main/java/com/xiaoxuhui/gamehub/MainActivity.kt:317:22 Unnecessary safe call on a non-null receiver of type LocalResourceInfo?
w: file:///D:/soft/.ci-tmp/game-hub-work/v030-final/android/app/src/main/java/com/xiaoxuhui/gamehub/MainActivity.kt:318:22 Unnecessary safe call on a non-null receiver of type LocalResourceInfo?
w: file:///D:/soft/.ci-tmp/game-hub-work/v030-final/android/app/src/main/java/com/xiaoxuhui/gamehub/MainActivity.kt:321:73 Unnecessary safe call on a non-null receiver of type LocalResourceInfo?
w: file:///D:/soft/.ci-tmp/game-hub-work/v030-final/android/app/src/main/java/com/xiaoxuhui/gamehub/MainActivity.kt:322:22 Unnecessary safe call on a non-null receiver of type LocalResourceInfo?
w: file:///D:/soft/.ci-tmp/game-hub-work/v030-final/android/app/src/main/java/com/xiaoxuhui/gamehub/ResourceRuntime.kt:17:106 'versionCode: Int' is deprecated. Deprecated in Java

> Task :app:compileReleaseJavaWithJavac NO-SOURCE
> Task :app:generateReleaseLintVitalReportModel
> Task :app:dexBuilderRelease
> Task :app:processReleaseJavaRes
> Task :app:mergeReleaseGlobalSynthetics
> Task :app:generateReleaseLintReportModel
> Task :app:bundleReleaseClassesToCompileJar
> Task :app:generateReleaseAndroidTestLintModel
> Task :app:generateReleaseUnitTestLintModel
> Task :app:mergeReleaseJavaResource
> Task :app:mergeDexRelease
> Task :app:compileReleaseArtProfile
> Task :app:compileDebugUnitTestKotlin
> Task :app:compileDebugUnitTestJavaWithJavac NO-SOURCE
> Task :app:processDebugUnitTestJavaRes
> Task :app:lintVitalAnalyzeRelease

> Task :app:compileReleaseAndroidTestKotlin
w: file:///D:/soft/.ci-tmp/game-hub-work/v030-final/android/app/src/androidTest/java/com/xiaoxuhui/gamehub/DocumentExportTest.kt:104:32 Variable 'text' initializer is redundant
w: file:///D:/soft/.ci-tmp/game-hub-work/v030-final/android/app/src/androidTest/java/com/xiaoxuhui/gamehub/ResourceProcessRecoveryTest.kt:154:65 Unnecessary non-null assertion (!!) on a non-null receiver of type ResourceGame
w: file:///D:/soft/.ci-tmp/game-hub-work/v030-final/android/app/src/androidTest/java/com/xiaoxuhui/gamehub/ResourceWebViewTest.kt:132:24 Unnecessary non-null assertion (!!) on a non-null receiver of type WebView
w: file:///D:/soft/.ci-tmp/game-hub-work/v030-final/android/app/src/androidTest/java/com/xiaoxuhui/gamehub/ResourceWebViewTest.kt:134:54 Unnecessary non-null assertion (!!) on a non-null receiver of type WebView
w: file:///D:/soft/.ci-tmp/game-hub-work/v030-final/android/app/src/androidTest/java/com/xiaoxuhui/gamehub/ResourceWebViewTest.kt:135:45 Unnecessary non-null assertion (!!) on a non-null receiver of type WebView
w: file:///D:/soft/.ci-tmp/game-hub-work/v030-final/android/app/src/androidTest/java/com/xiaoxuhui/gamehub/ResourceWebViewTest.kt:139:45 Unnecessary non-null assertion (!!) on a non-null receiver of type WebView
w: file:///D:/soft/.ci-tmp/game-hub-work/v030-final/android/app/src/androidTest/java/com/xiaoxuhui/gamehub/ResourceWebViewTest.kt:140:53 Unnecessary non-null assertion (!!) on a non-null receiver of type WebView
w: file:///D:/soft/.ci-tmp/game-hub-work/v030-final/android/app/src/androidTest/java/com/xiaoxuhui/gamehub/ResourceWebViewTest.kt:141:57 Unnecessary non-null assertion (!!) on a non-null receiver of type WebView
w: file:///D:/soft/.ci-tmp/game-hub-work/v030-final/android/app/src/androidTest/java/com/xiaoxuhui/gamehub/UpdateFixtureTest.kt:25:29 'ACTION_INSTALL_PACKAGE: String' is deprecated. Deprecated in Java

> Task :app:lintAnalyzeReleaseAndroidTest
> Task :app:lintAnalyzeRelease
> Task :app:packageRelease
> Task :app:testDebugUnitTest
> Task :app:lintVitalReportRelease SKIPPED
> Task :app:lintVitalRelease SKIPPED
> Task :app:compileReleaseAndroidTestJavaWithJavac NO-SOURCE
> Task :app:dexBuilderReleaseAndroidTest
> Task :app:processReleaseAndroidTestJavaRes
> Task :app:mergeReleaseAndroidTestGlobalSynthetics
> Task :app:createReleaseApkListingFileRedirect
> Task :app:assembleRelease
> Task :app:mergeReleaseAndroidTestJavaResource
> Task :app:mergeDexReleaseAndroidTest
> Task :app:packageReleaseAndroidTest
> Task :app:createReleaseAndroidTestApkListingFileRedirect
> Task :app:assembleReleaseAndroidTest
> Task :app:lintAnalyzeReleaseUnitTest

> Task :app:lintReportRelease
Wrote HTML report to file:///D:/soft/.ci-tmp/game-hub-work/v030-final/android/app/build/reports/lint-results-release.html

> Task :app:lintRelease

BUILD SUCCESSFUL in 55s
98 actionable tasks: 98 executed
