✔ Android application identity and minimum API stay independent of source APKs (1.9502ms)
✔ Manifest has one launcher and only the planned update permission (1.92ms)
✔ compact lobby uses four fixed source icons and clickable cards (1.3577ms)
✔ CI builds pinned sources and checks APK without a publish step (0.4625ms)
✔ four original export bridge names and a file chooser are wired (0.946ms)
Bundled 1 sources, 5 files, commit aaaaaaaaaaaaaaaaaaaaaaaaaaaaaaaaaaaaaaaa
Manifest SHA-256: ba8f63d31da207ad0bd5b63b5acb6caae70b818f4d48442f998639b9c38e71c8
Verified 1 sources and 5 resources
fatal: unable to read tree (ffffffffffffffffffffffffffffffffffffffff)
✔ lock contains four immutable source revisions and unique IDs (1.6325ms)
✔ floating revision, duplicate IDs, and unsafe paths are rejected (0.9987ms)
✔ HTML references exclude external and fragment links while preserving local assets (1.3522ms)
✔ missing local HTML reference stops bundling (21.8474ms)
✔ manifest hashes are stable and change when a resource changes (11.908ms)
✔ failed checkout or missing locked resource preserves the last complete bundle (6409.6622ms)
✔ v2 issuance binds fixed prerelease, complete membership and exact asset bytes (8.313ms)
✔ higher v2 sequences require history and preserve all identities and immutable same-code metadata (15.4361ms)
✔ higher content accepts new bytes only with new exact public asset identity (0.7004ms)
✔ actual CLI signs via stdin, verifies public DER, rejects overwrite and requires authenticated history (2058.8226ms)
✔ v2 signed bytes, empty directory and retired full descriptor remain strict (296.8635ms)
✔ v2 rejects bad identities, capabilities, dangerous files, expiry and duplicate assets (3.9386ms)
✔ raw signed integer decimals and exponents cannot fold into accepted JS integers (446.8934ms)
✔ dynamic ZIP is repeatable, exact-manifest and keeps source lock immutable (19.2801ms)
✔ synchronously forged ZIP and candidate metadata cannot claim locked source bytes (6.8314ms)
✔ v2 snapshot rejects wrong channel, missing retired ZIP and asset reuse (1.3936ms)
✔ detached programmatic Blob click saves content before immediate revoke (6.8991ms)
✔ bubble listener sees EML-style Blob URL assigned by the target click handler (3.0399ms)
✔ demo preserves progress, counts wins once and validates imported state (4.2088ms)
✔ actual import handler never claims durable success after storage write failure (5.6716ms)
✔ nonmatching pair stays visible until next flip; duplicate flip does not count (0.3908ms)
(node:33456) [MODULE_TYPELESS_PACKAGE_JSON] Warning: Module type of file:///D:/soft/.ci-tmp/game-hub-n10/work/examples/red-green-puzzle/core.js is not specified and it doesn't parse as CommonJS.
Reparsing as ES module because module syntax was detected. This incurs a performance overhead.
To eliminate this warning, add "type": "module" to \\?\D:\soft\.ci-tmp\game-hub-n10\work\package.json.
(Use `node --trace-warnings ...` to show where the warning was created)
✔ adaptation retains exact frozen HTML fixture, full MIT and reviewed output hashes (13.4179ms)
✔ every supported size preserves frozen algorithm, legal edges and independent BFS distance (4.4897ms)
✔ invalid sizes are rejected before building and bounded text remains complete (1.4646ms)
✔ only valid versioned parameters restore, invalid storage defaults safely (0.4184ms)
Verified 4 sources and 10 resources
Verified 4 resource ZIPs and complete file manifests; source commit cccccccccccccccccccccccccccccccccccccccc
Built four deterministic resource ZIPs from cccccccccccccccccccccccccccccccccccccccc
Verified 4 sources and 10 resources
Verified 4 resource ZIPs and complete file manifests; source commit cccccccccccccccccccccccccccccccccccccccc
Verified 4 sources and 10 resources
Verified 4 resource ZIPs and complete file manifests; source commit cccccccccccccccccccccccccccccccccccccccc
Built four deterministic resource ZIPs from cccccccccccccccccccccccccccccccccccccccc
Verified 4 resource ZIPs and complete file manifests; source commit cccccccccccccccccccccccccccccccccccccccc
✔ strict parser rejects duplicate escaped keys, UTF8 corruption and invalid JSON (4.1288ms)
✔ resource paths reject traversal, native binaries, prefix conflicts and case duplicates (1.8536ms)
✔ ZIP bytes deterministic regardless input order; CRC and central directory tamper rejected (3.0446ms)
✔ resource inspection rejects service workers, cache proxies and broad storage clear (1.1783ms)
✔ catalog checks four identities, safe integer bounds, clock, entry and storage contracts (10.2959ms)
✔ RSA3072 signature binds raw payload; wrong key/id, tamper and duplicate envelope rejected (386.908ms)
✔ resource release must be prerelease and uploaded assets uniquely bind digest and size (0.7704ms)
✔ signing snapshot binds release and asset IDs with complete bounded pagination (1.8666ms)
✔ resource generation failure preserves previous complete candidate and rejects stale commit (623.4953ms)
✔ successor retains identities omitted from candidate and binds new resources to public assets (43.0554ms)
✔ successor refuses skipped sequences, same-code metadata changes and incomplete historical snapshot (6.5081ms)
✔ successor rejects forged asset bytes and duplicate candidate identities before signing (6.4404ms)
✔ complete signed history audit detects earliest missing ZIP, sequence gaps and historical identity mutation (11.5759ms)
✔ public download binds same-name CDN cache key to immutable asset ID and rejects foreign URLs (1.2943ms)
✔ v1 successor binds two actual code increases while preserving other full identities (44.9077ms)
✔ v1 successor refuses sequence skips, same-code source/notes/archive changes and rollback (4.4176ms)
✔ v1 refuses wrong contract, repository, duplicate identities, asset IDs and pagination (3.3342ms)
✔ v1 full signed history requires initial one, every sequence, and unchanged same-code metadata (5.2031ms)
✔ v1 anonymous download only accepts fixed release URL and binds immutable asset ID cache key (1.3711ms)
✔ post-upload resume requires unchanged current identity and four exact existing upload bindings (4.2358ms)
✔ abelian-sandpile committed integration bytes bind to exact upstream identity and reject forged proof (5.9816ms)
✔ lambda-diagram-game committed integration bytes bind to exact upstream identity and reject forged proof (2.0008ms)
ℹ tests 52
ℹ suites 0
ℹ pass 52
ℹ fail 0
ℹ cancelled 0
ℹ skipped 0
ℹ todo 0
ℹ duration_ms 7867.6632
