N10 owned formal emulator offline control transcript
COMMAND: emu avd name
gamehub-n10-20261010

OK

COMMAND: old running PID
11349
COMMAND: disable wifi
COMMAND: disable data
COMMAND: wifi_on must be 0
0
COMMAND: mobile_data must be 0
1
COMMAND: dumpsys connectivity filtered active/default/validated networks
Active default network: none
Network Requests:
  uid/pid:1000/534 activeRequest: null callbackRequest: 13 [NetworkRequest [ LISTEN id=13, [ Capabilities: INTERNET&NOT_RESTRICTED&TRUSTED&VALIDATED&NOT_VCN_MANAGED Uid: 1000 RequestorUid: 1000 RequestorPkg: android UnderlyingNetworks: Null] ]] callback flags: 0 order: 2147483647
  uid/pid:1001/1098 activeRequest: null callbackRequest: 36 [NetworkRequest [ LISTEN id=36, [ Capabilities: NOT_RESTRICTED&TRUSTED&NOT_VPN&VALIDATED&NOT_VCN_MANAGED Uid: 1001 RequestorUid: 1001 RequestorPkg: com.android.ons UnderlyingNetworks: Null] ]] callback flags: 0 order: 2147483647
  NetworkOffer [ Provider Id (1) Score(Policies : TRANSPORT_PRIMARY&EVER_EVALUATED&IS_UNMETERED&EVER_VALIDATED&IS_VALIDATED ; KeepConnected : 0) Caps [ Transports: CELLULAR Capabilities: MMS&SUPL&DUN&FOTA&IMS&CBS&IA&RCS&XCAP&EIMS&INTERNET&NOT_RESTRICTED&TRUSTED&NOT_VPN&MCX&NOT_VCN_MANAGED UnderlyingNetworks: Null] Needed by [22, 42, 7, 27, 24, 31, 53, 17, 44, 38, 2, 15, 48, 35, 1, 33]]
  NetworkOffer [ Provider Id (3) Score(Policies : EVER_EVALUATED&IS_INVINCIBLE&IS_UNMETERED&EVER_VALIDATED&IS_VALIDATED ; KeepConnected : 0) Caps [ Transports: CELLULAR Capabilities: MMS&SUPL&DUN&FOTA&IMS&CBS&IA&RCS&XCAP&EIMS&INTERNET&NOT_RESTRICTED&TRUSTED&NOT_VPN&MCX&ENTERPRISE&MMTEL&PRIORITIZE_LATENCY&PRIORITIZE_BANDWIDTH Specifier: <android.net.MatchAllNetworkSpecifier@0> EnterpriseId: 1&2&3&4&5 UnderlyingNetworks: Null] Needed by []]
  NetworkOffer [ Provider Id (4) Score(Policies : EVER_EVALUATED&IS_UNMETERED&EVER_VALIDATED&IS_VALIDATED ; KeepConnected : 0) Caps [ Transports: CELLULAR Capabilities: MMS&SUPL&DUN&FOTA&IMS&CBS&IA&RCS&XCAP&EIMS&INTERNET&NOT_RESTRICTED&TRUSTED&NOT_VPN&MCX&NOT_VCN_MANAGED&ENTERPRISE&MMTEL&PRIORITIZE_LATENCY&PRIORITIZE_BANDWIDTH Specifier: <TelephonyNetworkSpecifier [mSubId = -1]> EnterpriseId: 1&2&3&4&5 UnderlyingNetworks: Null] Needed by [22, 42, 7, 27, 24, 31, 53, 17, 44, 38, 2, 15, 48, 35, 1, 33]]
  NetworkOffer [ Provider Id (5) Score(Policies : EVER_EVALUATED&IS_UNMETERED&EVER_VALIDATED&IS_VALIDATED ; KeepConnected : 0) Caps [ Transports: WIFI Capabilities: NOT_METERED&INTERNET&NOT_RESTRICTED&TRUSTED&NOT_VPN&NOT_ROAMING&NOT_CONGESTED&NOT_SUSPENDED&NOT_VCN_MANAGED LinkUpBandwidth>=1048576Kbps LinkDnBandwidth>=1048576Kbps Specifier: <android.net.MatchAllNetworkSpecifier@0> UnderlyingNetworks: Null] Needed by [22, 42, 7, 27, 24, 31, 53, 17, 44, 38, 15, 48, 35, 1, 33]]
  NetworkOffer [ Provider Id (6) Score(Policies : EVER_EVALUATED&IS_INVINCIBLE&IS_UNMETERED&EVER_VALIDATED&IS_VALIDATED ; KeepConnected : 0) Caps [ Transports: WIFI Capabilities: NOT_METERED&INTERNET&NOT_RESTRICTED&TRUSTED&NOT_VPN&NOT_ROAMING&NOT_CONGESTED&NOT_SUSPENDED&NOT_VCN_MANAGED LinkUpBandwidth>=1048576Kbps LinkDnBandwidth>=1048576Kbps Specifier: <android.net.MatchAllNetworkSpecifier@0> UnderlyingNetworks: Null] Needed by [22, 42, 7, 27, 24, 31, 53, 17, 44, 38, 15, 48, 35, 1, 33]]
  NetworkOffer [ Provider Id (7) Score(Policies : EVER_EVALUATED&IS_INVINCIBLE&IS_UNMETERED&EVER_VALIDATED&IS_VALIDATED ; KeepConnected : 0) Caps [ Transports: WIFI Capabilities: NOT_METERED&INTERNET&TRUSTED&NOT_VPN&NOT_ROAMING&NOT_CONGESTED&NOT_SUSPENDED&NOT_VCN_MANAGED LinkUpBandwidth>=1048576Kbps LinkDnBandwidth>=1048576Kbps Specifier: <android.net.MatchAllNetworkSpecifier@0> UnderlyingNetworks: Null] Needed by []]
  NetworkOffer [ Provider Id (8) Score(Policies : EVER_EVALUATED&IS_INVINCIBLE&IS_UNMETERED&EVER_VALIDATED&IS_VALIDATED ; KeepConnected : 0) Caps [ Transports: WIFI Capabilities: NOT_METERED&INTERNET&NOT_RESTRICTED&TRUSTED&NOT_VPN&NOT_ROAMING&NOT_CONGESTED&NOT_SUSPENDED&OEM_PAID&OEM_PRIVATE&NOT_VCN_MANAGED LinkUpBandwidth>=1048576Kbps LinkDnBandwidth>=1048576Kbps Specifier: <android.net.MatchAllNetworkSpecifier@0> UnderlyingNetworks: Null] Needed by [22, 42, 7, 27, 24, 31, 53, 17, 44, 38, 15, 48, 35, 1, 33]]
  NetworkOffer [ Provider Id (9) Score(Policies : EVER_EVALUATED&IS_INVINCIBLE&IS_UNMETERED&EVER_VALIDATED&IS_VALIDATED ; KeepConnected : 0) Caps [ Transports: WIFI Capabilities: NOT_METERED&INTERNET&NOT_RESTRICTED&TRUSTED&NOT_VPN&NOT_ROAMING&NOT_CONGESTED&NOT_SUSPENDED&NOT_VCN_MANAGED LinkUpBandwidth>=1048576Kbps LinkDnBandwidth>=1048576Kbps Specifier: <android.net.MatchAllNetworkSpecifier@0> UnderlyingNetworks: Null] Needed by [22, 42, 7, 27, 24, 31, 53, 17, 44, 38, 15, 48, 35, 1, 33]]
mNetworkInfoBlockingLogs (most recent first):
COMMAND: force-stop before cold start
COMMAND: start Activity offline
Starting: Intent { cmp=com.xiaoxuhui.gamehub/.MainActivity }
COMMAND: cold-start new PID
11439
COMMAND: strict ProductionUpdateSaveDeviceTest verify

com.xiaoxuhui.gamehub.ProductionUpdateSaveDeviceTest:.

Time: 12.552

OK (1 test)


COMMAND: restore wifi
COMMAND: restore data
COMMAND: restored wifi_on
1
COMMAND: restored mobile_data
1
    mDataConnectionState=-1
    mDataEnabledReason=-1
COMMAND: restored connectivity active default (subsequent read-only)
Active default network: 104
  NetworkAgentInfo{network{104}  handle{450082295821}  ni{WIFI CONNECTED extra: } created=2026-10-10T17:25:31.137Z Score(Policies : TRANSPORT_PRIMARY&EVER_EVALUATED&IS_UNMETERED&EVER_VALIDATED&IS_VALIDATED ; KeepConnected : 0)  created 10271209 firstValidated 10272576 lastValidated 10272576  lp{{InterfaceName: wlan0 LinkAddresses: [ fe80::7dc1:f5aa:29d4:4c9a/64,10.0.2.16/24,fec0::ec09:d8b7:1f9a:d3/64,fec0::66f3:844b:2d9d:e2f4/64 ] DnsAddresses: [ /10.0.2.3 ] Domains: null MTU: 0 ServerAddress: /10.0.2.2 TcpBufferSizes: 524288,1048576,2097152,262144,524288,1048576 Routes: [ fe80::/64 -> :: wlan0 mtu 0,::/0 -> fe80::2 wlan0 mtu 0,fec0::/64 -> :: wlan0 mtu 0,10.0.2.0/24 -> 0.0.0.0 wlan0 mtu 0,0.0.0.0/0 -> 10.0.2.2 wlan0 mtu 0 ]}}  nc{[ Transports: WIFI Capabilities: NOT_METERED&INTERNET&NOT_RESTRICTED&TRUSTED&NOT_VPN&VALIDATED&NOT_ROAMING&FOREGROUND&NOT_CONGESTED&NOT_SUSPENDED&NOT_VCN_MANAGED LinkUpBandwidth>=12000Kbps LinkDnBandwidth>=30000Kbps Specifier: <WifiNetworkAgentSpecifier [WifiConfiguration=, SSID="AndroidWifi", BSSID=00:13:10:85:fe:01, band=1, mMatchLocalOnlySpecifiers=false]> TransportInfo: <SSID: "AndroidWifi", BSSID: 00:13:10:85:fe:01, MAC: 02:15:be:00:00:00, IP: /10.0.2.16, Security type: 0, Supplicant state: COMPLETED, Wi-Fi standard: 1, RSSI: -50, Link speed: 1Mbps, Tx Link speed: 1Mbps, Max Supported Tx Link speed: 11Mbps, Rx Link speed: 2Mbps, Max Supported Rx Link speed: 11Mbps, Frequency: 2447MHz, Net ID: 0, Metered hint: false, score: 60, isUsable: true, CarrierMerged: false, SubscriptionId: -1, IsPrimary: 1, Trusted: true, Restricted: false, Ephemeral: false, OEM paid: false, OEM private: false, OSU AP: false, FQDN: <none>, Provider friendly name: <none>, Requesting package name: <none>"AndroidWifi"openMLO Information: , Is TID-To-Link negotiation supported by the AP: false, AP MLD Address: <none>, AP MLO Link Id: <none>, AP MLO Affiliated links: <none>> SignalStrength: -50 OwnerUid: 10110 AdminUids: [10110] SSID: "AndroidWifi" UnderlyingNetworks: Null]}  factorySerialNumber=5}
