Built dist/eml-workbench.html (105046 bytes)
✓ Lockfile passes supply-chain policies (verified 1d ago)
Lockfile is up to date, resolution step is skipped
Progress: resolved 1, reused 0, downloaded 0, added 0
Packages: +52
++++++++++++++++++++++++++++++++++++++++++++++++++++
Packages are hard linked from the content-addressable store to the virtual store.
  Content-addressable store is at: D:\.pnpm-store\v11
  Virtual store is at:             node_modules/.pnpm
Progress: resolved 52, reused 52, downloaded 0, added 49
Progress: resolved 52, reused 52, downloaded 0, added 52, done

devDependencies:
+ typescript 5.9.3
+ vite 7.3.6
+ vitest 3.2.7

Done in 2s using pnpm v11.19.0
$ tsc -b
$ vite build --base=./
vite v7.3.6 building client environment for production...
transforming...
✓ 22 modules transformed.
rendering chunks...
computing gzip size...
dist/index.html                        0.58 kB │ gzip:  0.38 kB
dist/campaign.html                     0.59 kB │ gzip:  0.38 kB
dist/assets/route-worker--cIr4Dp-.js   2.82 kB
dist/assets/campaign-CBioli0a.css      9.02 kB │ gzip:  2.57 kB
dist/assets/main-BJgtYmnF.css          9.75 kB │ gzip:  2.94 kB
dist/assets/core-BmS44wlX.js           3.57 kB │ gzip:  1.58 kB
dist/assets/campaign-DK81-Kun.js      27.83 kB │ gzip:  9.76 kB
dist/assets/main-Cq8er0ZM.js          30.14 kB │ gzip: 11.22 kB
✓ built in 380ms
Bundled 4 sources, 40 files, commit 35fb2b5061c9127a61fec8908d10de23d5514e8e
Manifest SHA-256: 264245b5529e09ef8d8e3e3ddbbb4ecf918920cab1b536e0a16290489a9d2ca4
Verified 4 sources and 40 resources
Verified 4 resource ZIPs and complete file manifests; source commit 35fb2b5061c9127a61fec8908d10de23d5514e8e
Built four deterministic resource ZIPs from 35fb2b5061c9127a61fec8908d10de23d5514e8e
(node:33216) [DEP0190] DeprecationWarning: Passing args to a child process with shell option true can lead to security vulnerabilities, as the arguments are not escaped, only concatenated.
(Use `node --trace-deprecation ...` to show where the warning was created)
