> Task :app:checkKotlinGradlePluginConfigurationErrors
> Task :app:preBuild UP-TO-DATE
> Task :app:preDebugBuild UP-TO-DATE
> Task :app:checkDebugAarMetadata UP-TO-DATE
> Task :app:generateDebugResValues UP-TO-DATE
> Task :app:mapDebugSourceSetPaths UP-TO-DATE
> Task :app:generateDebugResources UP-TO-DATE
> Task :app:mergeDebugResources UP-TO-DATE
> Task :app:packageDebugResources UP-TO-DATE
> Task :app:parseDebugLocalResources UP-TO-DATE
> Task :app:createDebugCompatibleScreenManifests
> Task :app:extractDeepLinksDebug UP-TO-DATE
> Task :app:processDebugMainManifest
> Task :app:processDebugManifest
> Task :app:javaPreCompileDebug UP-TO-DATE
> Task :app:preDebugUnitTestBuild UP-TO-DATE
> Task :app:javaPreCompileDebugUnitTest UP-TO-DATE
> Task :app:buildKotlinToolingMetadata UP-TO-DATE
> Task :app:preReleaseBuild UP-TO-DATE
> Task :app:checkReleaseAarMetadata UP-TO-DATE
> Task :app:generateReleaseResValues UP-TO-DATE
> Task :app:mapReleaseSourceSetPaths UP-TO-DATE
> Task :app:generateReleaseResources UP-TO-DATE
> Task :app:mergeReleaseResources UP-TO-DATE
> Task :app:packageReleaseResources UP-TO-DATE
> Task :app:parseReleaseLocalResources UP-TO-DATE
> Task :app:createReleaseCompatibleScreenManifests
> Task :app:extractDeepLinksRelease UP-TO-DATE
> Task :app:processReleaseMainManifest
> Task :app:processReleaseManifest
> Task :app:javaPreCompileRelease UP-TO-DATE
> Task :app:extractProguardFiles UP-TO-DATE
> Task :app:mergeReleaseJniLibFolders UP-TO-DATE
> Task :app:mergeReleaseNativeLibs NO-SOURCE
> Task :app:stripReleaseDebugSymbols NO-SOURCE
> Task :app:extractReleaseNativeSymbolTables NO-SOURCE
> Task :app:mergeReleaseNativeDebugMetadata NO-SOURCE
> Task :app:checkReleaseDuplicateClasses UP-TO-DATE
> Task :app:desugarReleaseFileDependencies UP-TO-DATE
> Task :app:mergeReleaseStartupProfile UP-TO-DATE
> Task :app:mergeExtDexRelease UP-TO-DATE
> Task :app:mergeReleaseArtProfile UP-TO-DATE
> Task :app:mergeReleaseShaders UP-TO-DATE
> Task :app:compileReleaseShaders NO-SOURCE
> Task :app:generateReleaseAssets UP-TO-DATE
> Task :app:mergeReleaseAssets
> Task :app:extractReleaseVersionControlInfo UP-TO-DATE
> Task :app:collectReleaseDependencies UP-TO-DATE
> Task :app:sdkReleaseDependencyData UP-TO-DATE
> Task :app:processDebugManifestForPackage
> Task :app:writeReleaseAppMetadata UP-TO-DATE
> Task :app:writeReleaseSigningConfigVersions UP-TO-DATE
> Task :app:preReleaseAndroidTestBuild SKIPPED
> Task :app:compressReleaseAssets
> Task :app:checkReleaseAndroidTestAarMetadata UP-TO-DATE
> Task :app:generateReleaseAndroidTestResValues UP-TO-DATE
> Task :app:mapReleaseAndroidTestSourceSetPaths UP-TO-DATE
> Task :app:generateReleaseAndroidTestResources UP-TO-DATE
> Task :app:mergeReleaseAndroidTestResources UP-TO-DATE
> Task :app:processReleaseAndroidTestManifest UP-TO-DATE
> Task :app:processReleaseAndroidTestResources UP-TO-DATE
> Task :app:javaPreCompileReleaseAndroidTest UP-TO-DATE
> Task :app:mergeReleaseAndroidTestShaders UP-TO-DATE
> Task :app:compileReleaseAndroidTestShaders NO-SOURCE
> Task :app:generateReleaseAndroidTestAssets UP-TO-DATE
> Task :app:mergeReleaseAndroidTestAssets UP-TO-DATE
> Task :app:compressReleaseAndroidTestAssets UP-TO-DATE
> Task :app:checkReleaseAndroidTestDuplicateClasses UP-TO-DATE
> Task :app:desugarReleaseAndroidTestFileDependencies UP-TO-DATE
> Task :app:mergeExtDexReleaseAndroidTest UP-TO-DATE
> Task :app:mergeReleaseAndroidTestJniLibFolders UP-TO-DATE
> Task :app:processReleaseManifestForPackage
> Task :app:mergeReleaseAndroidTestNativeLibs NO-SOURCE
> Task :app:stripReleaseAndroidTestDebugSymbols NO-SOURCE
> Task :app:writeReleaseAndroidTestSigningConfigVersions UP-TO-DATE
> Task :app:preReleaseUnitTestBuild UP-TO-DATE
> Task :app:processDebugResources
> Task :app:compileDebugKotlin UP-TO-DATE
> Task :app:compileDebugJavaWithJavac NO-SOURCE
> Task :app:bundleDebugClassesToRuntimeJar UP-TO-DATE
> Task :app:bundleDebugClassesToCompileJar UP-TO-DATE
> Task :app:compileDebugUnitTestKotlin UP-TO-DATE
> Task :app:compileDebugUnitTestJavaWithJavac NO-SOURCE
> Task :app:processDebugJavaRes UP-TO-DATE
> Task :app:processDebugUnitTestJavaRes UP-TO-DATE
> Task :app:testDebugUnitTest UP-TO-DATE
> Task :app:processReleaseResources
> Task :app:optimizeReleaseResources

> Task :app:compileReleaseKotlin
w: file:///D:/soft/.ci-tmp/game-hub-work/v030-final/android/app/src/main/java/com/xiaoxuhui/gamehub/ResourceRuntime.kt:17:106 'versionCode: Int' is deprecated. Deprecated in Java
w: file:///D:/soft/.ci-tmp/game-hub-work/v030-final/android/app/src/main/java/com/xiaoxuhui/gamehub/MainActivity.kt:59:163 'versionCode: Int' is deprecated. Deprecated in Java
w: file:///D:/soft/.ci-tmp/game-hub-work/v030-final/android/app/src/main/java/com/xiaoxuhui/gamehub/MainActivity.kt:315:22 Unnecessary safe call on a non-null receiver of type LocalResourceInfo?
w: file:///D:/soft/.ci-tmp/game-hub-work/v030-final/android/app/src/main/java/com/xiaoxuhui/gamehub/MainActivity.kt:316:22 Unnecessary safe call on a non-null receiver of type LocalResourceInfo?
w: file:///D:/soft/.ci-tmp/game-hub-work/v030-final/android/app/src/main/java/com/xiaoxuhui/gamehub/MainActivity.kt:317:22 Unnecessary safe call on a non-null receiver of type LocalResourceInfo?
w: file:///D:/soft/.ci-tmp/game-hub-work/v030-final/android/app/src/main/java/com/xiaoxuhui/gamehub/MainActivity.kt:320:73 Unnecessary safe call on a non-null receiver of type LocalResourceInfo?
w: file:///D:/soft/.ci-tmp/game-hub-work/v030-final/android/app/src/main/java/com/xiaoxuhui/gamehub/MainActivity.kt:321:22 Unnecessary safe call on a non-null receiver of type LocalResourceInfo?

> Task :app:compileReleaseJavaWithJavac NO-SOURCE
> Task :app:generateReleaseLintVitalReportModel
> Task :app:dexBuilderRelease
> Task :app:mergeReleaseGlobalSynthetics UP-TO-DATE
> Task :app:processReleaseJavaRes UP-TO-DATE
> Task :app:mergeReleaseJavaResource UP-TO-DATE
> Task :app:generateReleaseLintReportModel
> Task :app:bundleReleaseClassesToCompileJar
> Task :app:generateReleaseAndroidTestLintModel
> Task :app:generateReleaseUnitTestLintModel
> Task :app:mergeDexRelease
> Task :app:compileReleaseArtProfile
> Task :app:packageRelease
> Task :app:createReleaseApkListingFileRedirect

> Task :app:compileReleaseAndroidTestKotlin
w: file:///D:/soft/.ci-tmp/game-hub-work/v030-final/android/app/src/androidTest/java/com/xiaoxuhui/gamehub/DocumentExportTest.kt:104:32 Variable 'text' initializer is redundant
w: file:///D:/soft/.ci-tmp/game-hub-work/v030-final/android/app/src/androidTest/java/com/xiaoxuhui/gamehub/ResourceProcessRecoveryTest.kt:154:65 Unnecessary non-null assertion (!!) on a non-null receiver of type ResourceGame

> Task :app:compileReleaseAndroidTestJavaWithJavac NO-SOURCE
> Task :app:dexBuilderReleaseAndroidTest
> Task :app:mergeReleaseAndroidTestGlobalSynthetics UP-TO-DATE
> Task :app:processReleaseAndroidTestJavaRes UP-TO-DATE
> Task :app:mergeReleaseAndroidTestJavaResource UP-TO-DATE
> Task :app:mergeDexReleaseAndroidTest
> Task :app:packageReleaseAndroidTest
> Task :app:createReleaseAndroidTestApkListingFileRedirect UP-TO-DATE
> Task :app:assembleReleaseAndroidTest
> Task :app:lintVitalAnalyzeRelease
> Task :app:lintAnalyzeRelease
> Task :app:lintAnalyzeReleaseAndroidTest
> Task :app:lintVitalReportRelease SKIPPED
> Task :app:lintVitalRelease SKIPPED
> Task :app:assembleRelease
> Task :app:lintAnalyzeReleaseUnitTest

> Task :app:lintReportRelease
Wrote HTML report to file:///D:/soft/.ci-tmp/game-hub-work/v030-final/android/app/build/reports/lint-results-release.html

> Task :app:lintRelease

BUILD SUCCESSFUL in 1m 13s
98 actionable tasks: 35 executed, 63 up-to-date
