✔ Android application identity and minimum API stay independent of source APKs (2.4388ms)
✔ Manifest has one launcher and only the planned update permission (2.1684ms)
✔ compact lobby uses four fixed source icons and clickable cards (1.2384ms)
✔ CI builds pinned sources and checks APK without a publish step (0.4292ms)
✔ four original export bridge names and a file chooser are wired (0.9711ms)
Bundled 1 sources, 5 files, commit aaaaaaaaaaaaaaaaaaaaaaaaaaaaaaaaaaaaaaaa
Manifest SHA-256: d749805ead2424fb1b91e57c052281cef85824885f624ac5970fca70f1cf862c
Verified 1 sources and 5 resources
fatal: unable to read tree (ffffffffffffffffffffffffffffffffffffffff)
✔ lock contains four immutable source revisions and unique IDs (2.0213ms)
✔ floating revision, duplicate IDs, and unsafe paths are rejected (3.3322ms)
✔ HTML references exclude external and fragment links while preserving local assets (2.4495ms)
✔ missing local HTML reference stops bundling (23.4395ms)
✔ manifest hashes are stable and change when a resource changes (12.0821ms)
✔ failed checkout or missing locked resource preserves the last complete bundle (4887.1638ms)
✔ v2 signed bytes, empty directory and retired full descriptor remain strict (392.9696ms)
✔ v2 rejects bad identities, capabilities, dangerous files, expiry and duplicate assets (2.8897ms)
✔ raw signed integer decimals and exponents cannot fold into accepted JS integers (233.0784ms)
✔ dynamic ZIP is repeatable, exact-manifest and keeps source lock immutable (15.7051ms)
✔ synchronously forged ZIP and candidate metadata cannot claim locked source bytes (7.9785ms)
✔ v2 snapshot rejects wrong channel, missing retired ZIP and asset reuse (1.808ms)
✔ detached programmatic Blob click saves content before immediate revoke (10.0312ms)
✔ bubble listener sees EML-style Blob URL assigned by the target click handler (3.995ms)
✔ demo preserves progress, counts wins once and validates imported state (4.2412ms)
✔ actual import handler never claims durable success after storage write failure (5.4465ms)
✔ nonmatching pair stays visible until next flip; duplicate flip does not count (0.3601ms)
Verified 4 sources and 10 resources
Verified 4 resource ZIPs and complete file manifests; source commit cccccccccccccccccccccccccccccccccccccccc
Built four deterministic resource ZIPs from cccccccccccccccccccccccccccccccccccccccc
Verified 4 sources and 10 resources
Verified 4 resource ZIPs and complete file manifests; source commit cccccccccccccccccccccccccccccccccccccccc
Verified 4 sources and 10 resources
Verified 4 resource ZIPs and complete file manifests; source commit cccccccccccccccccccccccccccccccccccccccc
Built four deterministic resource ZIPs from cccccccccccccccccccccccccccccccccccccccc
Verified 4 resource ZIPs and complete file manifests; source commit cccccccccccccccccccccccccccccccccccccccc
✔ strict parser rejects duplicate escaped keys, UTF8 corruption and invalid JSON (2.7126ms)
✔ resource paths reject traversal, native binaries, prefix conflicts and case duplicates (1.1198ms)
✔ ZIP bytes deterministic regardless input order; CRC and central directory tamper rejected (1.853ms)
✔ resource inspection rejects service workers, cache proxies and broad storage clear (0.7552ms)
✔ catalog checks four identities, safe integer bounds, clock, entry and storage contracts (4.8058ms)
✔ RSA3072 signature binds raw payload; wrong key/id, tamper and duplicate envelope rejected (85.1084ms)
✔ resource release must be prerelease and uploaded assets uniquely bind digest and size (0.6754ms)
✔ signing snapshot binds release and asset IDs with complete bounded pagination (1.2157ms)
✔ resource generation failure preserves previous complete candidate and rejects stale commit (264.7461ms)
ℹ tests 31
ℹ suites 0
ℹ pass 31
ℹ fail 0
ℹ cancelled 0
ℹ skipped 0
ℹ todo 0
ℹ duration_ms 5879.1847
