To honour the JVM settings for this build a single-use Daemon process will be forked. For more on this, please refer to https://docs.gradle.org/8.7/userguide/gradle_daemon.html#sec:disabling_the_daemon in the Gradle documentation.
Daemon will be stopped at the end of the build 
Warning: SDK processing. This version only understands SDK XML versions up to 3 but an SDK XML file of version 4 was encountered. This can happen if you use versions of Android Studio and the command-line tools that were released at different times.
> Task :app:checkKotlinGradlePluginConfigurationErrors
> Task :app:preBuild UP-TO-DATE
> Task :app:preDebugBuild UP-TO-DATE
> Task :app:checkDebugAarMetadata UP-TO-DATE
> Task :app:generateDebugResValues UP-TO-DATE
> Task :app:mapDebugSourceSetPaths UP-TO-DATE
> Task :app:generateDebugResources UP-TO-DATE
> Task :app:mergeDebugResources UP-TO-DATE
> Task :app:packageDebugResources UP-TO-DATE
> Task :app:parseDebugLocalResources UP-TO-DATE
> Task :app:createDebugCompatibleScreenManifests UP-TO-DATE
> Task :app:extractDeepLinksDebug UP-TO-DATE
> Task :app:processDebugMainManifest UP-TO-DATE
> Task :app:processDebugManifest UP-TO-DATE
> Task :app:processDebugManifestForPackage UP-TO-DATE
> Task :app:processDebugResources UP-TO-DATE
> Task :app:compileDebugKotlin UP-TO-DATE
> Task :app:javaPreCompileDebug UP-TO-DATE
> Task :app:compileDebugJavaWithJavac NO-SOURCE
> Task :app:bundleDebugClassesToRuntimeJar UP-TO-DATE
> Task :app:bundleDebugClassesToCompileJar UP-TO-DATE
> Task :app:compileDebugUnitTestKotlin UP-TO-DATE
> Task :app:preDebugUnitTestBuild UP-TO-DATE
> Task :app:javaPreCompileDebugUnitTest UP-TO-DATE
> Task :app:compileDebugUnitTestJavaWithJavac NO-SOURCE
> Task :app:processDebugJavaRes UP-TO-DATE
> Task :app:processDebugUnitTestJavaRes UP-TO-DATE
> Task :app:testDebugUnitTest UP-TO-DATE
> Task :app:preDebugAndroidTestBuild SKIPPED
> Task :app:checkDebugAndroidTestAarMetadata UP-TO-DATE
> Task :app:generateDebugAndroidTestResValues UP-TO-DATE
> Task :app:mapDebugAndroidTestSourceSetPaths UP-TO-DATE
> Task :app:generateDebugAndroidTestResources UP-TO-DATE
> Task :app:mergeDebugAndroidTestResources UP-TO-DATE
> Task :app:processDebugAndroidTestManifest UP-TO-DATE
> Task :app:processDebugAndroidTestResources UP-TO-DATE
> Task :app:javaPreCompileDebugAndroidTest UP-TO-DATE
> Task :app:mergeDebugShaders UP-TO-DATE
> Task :app:compileDebugShaders NO-SOURCE
> Task :app:generateDebugAssets UP-TO-DATE
> Task :app:mergeDebugAssets UP-TO-DATE
> Task :app:compressDebugAssets UP-TO-DATE
> Task :app:desugarDebugFileDependencies UP-TO-DATE
> Task :app:dexBuilderDebug UP-TO-DATE
> Task :app:mergeDebugGlobalSynthetics UP-TO-DATE
> Task :app:mergeDebugJavaResource UP-TO-DATE
> Task :app:checkDebugDuplicateClasses UP-TO-DATE
> Task :app:mergeDebugStartupProfile UP-TO-DATE
> Task :app:mergeExtDexDebug UP-TO-DATE
> Task :app:mergeLibDexDebug UP-TO-DATE
> Task :app:mergeProjectDexDebug UP-TO-DATE
> Task :app:mergeDebugJniLibFolders UP-TO-DATE
> Task :app:mergeDebugNativeLibs NO-SOURCE
> Task :app:stripDebugDebugSymbols NO-SOURCE
> Task :app:validateSigningDebug UP-TO-DATE
> Task :app:writeDebugAppMetadata UP-TO-DATE
> Task :app:writeDebugSigningConfigVersions UP-TO-DATE
> Task :app:packageDebug UP-TO-DATE
> Task :app:createDebugApkListingFileRedirect UP-TO-DATE
> Task :app:mergeDebugAndroidTestShaders UP-TO-DATE
> Task :app:compileDebugAndroidTestShaders NO-SOURCE
> Task :app:generateDebugAndroidTestAssets UP-TO-DATE
> Task :app:mergeDebugAndroidTestAssets UP-TO-DATE
> Task :app:compressDebugAndroidTestAssets UP-TO-DATE
> Task :app:desugarDebugAndroidTestFileDependencies UP-TO-DATE
> Task :app:checkDebugAndroidTestDuplicateClasses UP-TO-DATE
> Task :app:mergeExtDexDebugAndroidTest UP-TO-DATE
> Task :app:mergeLibDexDebugAndroidTest UP-TO-DATE
> Task :app:mergeDebugAndroidTestJniLibFolders UP-TO-DATE
> Task :app:mergeDebugAndroidTestNativeLibs NO-SOURCE
> Task :app:stripDebugAndroidTestDebugSymbols NO-SOURCE
> Task :app:validateSigningDebugAndroidTest UP-TO-DATE
> Task :app:writeDebugAndroidTestSigningConfigVersions UP-TO-DATE
> Task :app:compileDebugAndroidTestKotlin
> Task :app:compileDebugAndroidTestJavaWithJavac NO-SOURCE
> Task :app:dexBuilderDebugAndroidTest
> Task :app:mergeDebugAndroidTestGlobalSynthetics UP-TO-DATE
> Task :app:processDebugAndroidTestJavaRes UP-TO-DATE
> Task :app:mergeDebugAndroidTestJavaResource UP-TO-DATE
> Task :app:mergeProjectDexDebugAndroidTest
> Task :app:packageDebugAndroidTest
> Task :app:createDebugAndroidTestApkListingFileRedirect UP-TO-DATE

> Task :app:connectedDebugAndroidTest
Starting 68 tests on gamehub-n10-20261010(AVD) - 14

gamehub-n10-20261010(AVD) - 14 Tests 2/68 completed. (0 skipped) (0 failed)

> Task :app:connectedDebugAndroidTest

com.xiaoxuhui.gamehub.DownloadedDocumentBridgeTest > fourVerifiedDownloadedGamesImportAndExportThroughActualSystemPicker[gamehub-n10-20261010(AVD) - 14] [33mSKIPPED [0m

gamehub-n10-20261010(AVD) - 14 Tests 7/68 completed. (1 skipped) (0 failed)
gamehub-n10-20261010(AVD) - 14 Tests 11/68 completed. (1 skipped) (0 failed)
gamehub-n10-20261010(AVD) - 14 Tests 15/68 completed. (1 skipped) (0 failed)
gamehub-n10-20261010(AVD) - 14 Tests 17/68 completed. (1 skipped) (0 failed)
gamehub-n10-20261010(AVD) - 14 Tests 18/68 completed. (1 skipped) (0 failed)
gamehub-n10-20261010(AVD) - 14 Tests 19/68 completed. (1 skipped) (0 failed)
gamehub-n10-20261010(AVD) - 14 Tests 21/68 completed. (1 skipped) (0 failed)

> Task :app:connectedDebugAndroidTest

com.xiaoxuhui.gamehub.DynamicResourceProcessRecoveryTest > verifyAfterActualProcessRestart[gamehub-n10-20261010(AVD) - 14] [33mSKIPPED [0m

com.xiaoxuhui.gamehub.DynamicResourceProcessRecoveryTest > prepareInterruptedOperation[gamehub-n10-20261010(AVD) - 14] [33mSKIPPED [0m

com.xiaoxuhui.gamehub.LobbyAccessibilityDeviceTest > realLobbyAndUpdateDetailsRemainReachableAndCancellationActionReachesTaskGate[gamehub-n10-20261010(AVD) - 14] [33mSKIPPED [0m

com.xiaoxuhui.gamehub.ProductionResourceIdentityDeviceTest > installedProductionIdentityMatchesReviewedRelease[gamehub-n10-20261010(AVD) - 14] [33mSKIPPED [0m

com.xiaoxuhui.gamehub.ResourceOfflineRestartDeviceTest > readFourDownloadedGamesAndActualSavesAfterProcessRestart[gamehub-n10-20261010(AVD) - 14] [33mSKIPPED [0m

com.xiaoxuhui.gamehub.ResourceOfflineRestartDeviceTest > prepareFourDownloadedOfflineSessionsAndPause[gamehub-n10-20261010(AVD) - 14] [33mSKIPPED [0m

com.xiaoxuhui.gamehub.ResourceProcessRecoveryTest > verifyAfterActualProcessRestart[gamehub-n10-20261010(AVD) - 14] [33mSKIPPED [0m

com.xiaoxuhui.gamehub.ResourceProcessRecoveryTest > prepareInterruptedOperation[gamehub-n10-20261010(AVD) - 14] [33mSKIPPED [0m

gamehub-n10-20261010(AVD) - 14 Tests 45/68 completed. (9 skipped) (0 failed)
gamehub-n10-20261010(AVD) - 14 Tests 57/68 completed. (9 skipped) (0 failed)

> Task :app:connectedDebugAndroidTest

com.xiaoxuhui.gamehub.UpdateFixtureTest > newerSameSignerApkPassesPreflightAndProducesSystemInstallerIntent[gamehub-n10-20261010(AVD) - 14] [31mFAILED [0m
	java.lang.AssertionError: CI must copy the second APK into the app cache
	at org.junit.Assert.fail(Assert.java:89)

gamehub-n10-20261010(AVD) - 14 Tests 62/68 completed. (9 skipped) (1 failed)
gamehub-n10-20261010(AVD) - 14 Tests 64/68 completed. (9 skipped) (1 failed)
gamehub-n10-20261010(AVD) - 14 Tests 65/68 completed. (9 skipped) (1 failed)
gamehub-n10-20261010(AVD) - 14 Tests 69/68 completed. (9 skipped) (1 failed)

> Task :app:connectedDebugAndroidTest

com.xiaoxuhui.gamehub.UpgradeFixtureStageTest > stageSameSignerFixtureForPrivatePreflight[gamehub-n10-20261010(AVD) - 14] [33mSKIPPED [0m

com.xiaoxuhui.gamehub.UpgradeSaveDeviceTest > fourRealGameSavesSurviveSameSignerApkUpgrade[gamehub-n10-20261010(AVD) - 14] [33mSKIPPED [0m
Tests on gamehub-n10-20261010(AVD) - 14 failed: There was 1 failure(s).

Finished 79 tests on gamehub-n10-20261010(AVD) - 14

> Task :app:connectedDebugAndroidTest FAILED

FAILURE: Build failed with an exception.

* What went wrong:
Execution failed for task ':app:connectedDebugAndroidTest'.
> There were failing tests. See the report at: file:///D:/soft/.ci-tmp/game-hub-n10/work/android/app/build/reports/androidTests/connected/debug/index.html

* Try:
> Run with --stacktrace option to get the stack trace.
> Run with --info or --debug option to get more log output.
> Run with --scan to get full insights.
> Get more help at https://help.gradle.org.

BUILD FAILED in 4m 10s
68 actionable tasks: 6 executed, 62 up-to-date
